Archive member included to satisfy reference by file (symbol)

/usr/lib/gcc/arm-none-eabi/13.2.1/../../../arm-none-eabi/lib/thumb/v7e-m+fp/hard/libc_nano.a(libc_a-sprintf.o)
                              build/main.o (sprintf)
/usr/lib/gcc/arm-none-eabi/13.2.1/../../../arm-none-eabi/lib/thumb/v7e-m+fp/hard/libc_nano.a(libc_a-impure.o)
                              /usr/lib/gcc/arm-none-eabi/13.2.1/../../../arm-none-eabi/lib/thumb/v7e-m+fp/hard/libc_nano.a(libc_a-sprintf.o) (_impure_ptr)
/usr/lib/gcc/arm-none-eabi/13.2.1/../../../arm-none-eabi/lib/thumb/v7e-m+fp/hard/libc_nano.a(libc_a-nano-svfprintf.o)
                              /usr/lib/gcc/arm-none-eabi/13.2.1/../../../arm-none-eabi/lib/thumb/v7e-m+fp/hard/libc_nano.a(libc_a-sprintf.o) (_svfprintf_r)
/usr/lib/gcc/arm-none-eabi/13.2.1/../../../arm-none-eabi/lib/thumb/v7e-m+fp/hard/libc_nano.a(libc_a-init.o)
                              /usr/lib/gcc/arm-none-eabi/13.2.1/../../../arm-none-eabi/lib/thumb/v7e-m+fp/hard/crt0.o (__libc_init_array)
/usr/lib/gcc/arm-none-eabi/13.2.1/../../../arm-none-eabi/lib/thumb/v7e-m+fp/hard/libc_nano.a(libc_a-strlen.o)
                              build/main.o (strlen)
/usr/lib/gcc/arm-none-eabi/13.2.1/../../../arm-none-eabi/lib/thumb/v7e-m+fp/hard/libc_nano.a(libc_a-memset.o)
                              /usr/lib/gcc/arm-none-eabi/13.2.1/../../../arm-none-eabi/lib/thumb/v7e-m+fp/hard/crt0.o (memset)
/usr/lib/gcc/arm-none-eabi/13.2.1/../../../arm-none-eabi/lib/thumb/v7e-m+fp/hard/libc_nano.a(libc_a-errno.o)
                              build/sysmem.o (__errno)
/usr/lib/gcc/arm-none-eabi/13.2.1/../../../arm-none-eabi/lib/thumb/v7e-m+fp/hard/libc_nano.a(libc_a-mallocr.o)
                              /usr/lib/gcc/arm-none-eabi/13.2.1/../../../arm-none-eabi/lib/thumb/v7e-m+fp/hard/libc_nano.a(libc_a-nano-svfprintf.o) (_malloc_r)
/usr/lib/gcc/arm-none-eabi/13.2.1/../../../arm-none-eabi/lib/thumb/v7e-m+fp/hard/libc_nano.a(libc_a-freer.o)
                              /usr/lib/gcc/arm-none-eabi/13.2.1/../../../arm-none-eabi/lib/thumb/v7e-m+fp/hard/libc_nano.a(libc_a-nano-svfprintf.o) (_free_r)
/usr/lib/gcc/arm-none-eabi/13.2.1/../../../arm-none-eabi/lib/thumb/v7e-m+fp/hard/libc_nano.a(libc_a-memmove.o)
                              /usr/lib/gcc/arm-none-eabi/13.2.1/../../../arm-none-eabi/lib/thumb/v7e-m+fp/hard/libc_nano.a(libc_a-nano-svfprintf.o) (memmove)
/usr/lib/gcc/arm-none-eabi/13.2.1/../../../arm-none-eabi/lib/thumb/v7e-m+fp/hard/libc_nano.a(libc_a-memchr.o)
                              /usr/lib/gcc/arm-none-eabi/13.2.1/../../../arm-none-eabi/lib/thumb/v7e-m+fp/hard/libc_nano.a(libc_a-nano-svfprintf.o) (memchr)
/usr/lib/gcc/arm-none-eabi/13.2.1/../../../arm-none-eabi/lib/thumb/v7e-m+fp/hard/libc_nano.a(libc_a-memcpy.o)
                              /usr/lib/gcc/arm-none-eabi/13.2.1/../../../arm-none-eabi/lib/thumb/v7e-m+fp/hard/libc_nano.a(libc_a-nano-svfprintf.o) (memcpy)
/usr/lib/gcc/arm-none-eabi/13.2.1/../../../arm-none-eabi/lib/thumb/v7e-m+fp/hard/libc_nano.a(libc_a-reallocr.o)
                              /usr/lib/gcc/arm-none-eabi/13.2.1/../../../arm-none-eabi/lib/thumb/v7e-m+fp/hard/libc_nano.a(libc_a-nano-svfprintf.o) (_realloc_r)
/usr/lib/gcc/arm-none-eabi/13.2.1/../../../arm-none-eabi/lib/thumb/v7e-m+fp/hard/libc_nano.a(libc_a-nano-vfprintf_i.o)
                              /usr/lib/gcc/arm-none-eabi/13.2.1/../../../arm-none-eabi/lib/thumb/v7e-m+fp/hard/libc_nano.a(libc_a-nano-svfprintf.o) (_printf_i)
/usr/lib/gcc/arm-none-eabi/13.2.1/../../../arm-none-eabi/lib/thumb/v7e-m+fp/hard/libc_nano.a(libc_a-mlock.o)
                              /usr/lib/gcc/arm-none-eabi/13.2.1/../../../arm-none-eabi/lib/thumb/v7e-m+fp/hard/libc_nano.a(libc_a-mallocr.o) (__malloc_lock)
/usr/lib/gcc/arm-none-eabi/13.2.1/../../../arm-none-eabi/lib/thumb/v7e-m+fp/hard/libc_nano.a(libc_a-exit.o)
                              /usr/lib/gcc/arm-none-eabi/13.2.1/../../../arm-none-eabi/lib/thumb/v7e-m+fp/hard/crt0.o (exit)
/usr/lib/gcc/arm-none-eabi/13.2.1/../../../arm-none-eabi/lib/thumb/v7e-m+fp/hard/libc_nano.a(libc_a-atexit.o)
                              /usr/lib/gcc/arm-none-eabi/13.2.1/../../../arm-none-eabi/lib/thumb/v7e-m+fp/hard/crt0.o (atexit)
/usr/lib/gcc/arm-none-eabi/13.2.1/../../../arm-none-eabi/lib/thumb/v7e-m+fp/hard/libc_nano.a(libc_a-fini.o)
                              /usr/lib/gcc/arm-none-eabi/13.2.1/../../../arm-none-eabi/lib/thumb/v7e-m+fp/hard/crt0.o (__libc_fini_array)
/usr/lib/gcc/arm-none-eabi/13.2.1/../../../arm-none-eabi/lib/thumb/v7e-m+fp/hard/libc_nano.a(libc_a-sbrkr.o)
                              /usr/lib/gcc/arm-none-eabi/13.2.1/../../../arm-none-eabi/lib/thumb/v7e-m+fp/hard/libc_nano.a(libc_a-mallocr.o) (_sbrk_r)
/usr/lib/gcc/arm-none-eabi/13.2.1/../../../arm-none-eabi/lib/thumb/v7e-m+fp/hard/libc_nano.a(libc_a-msizer.o)
                              /usr/lib/gcc/arm-none-eabi/13.2.1/../../../arm-none-eabi/lib/thumb/v7e-m+fp/hard/libc_nano.a(libc_a-reallocr.o) (_malloc_usable_size_r)
[...]
Memory Configuration

Name             Origin             Length             Attributes
RAM              0x20000000         0x00020000         xrw
FLASH            0x08000000         0x00080000         xr
*default*        0x00000000         0xffffffff

Linker script and memory map

LOAD /usr/lib/gcc/arm-none-eabi/13.2.1/thumb/v7e-m+fp/hard/crti.o
LOAD /usr/lib/gcc/arm-none-eabi/13.2.1/thumb/v7e-m+fp/hard/crtbegin.o
LOAD /usr/lib/gcc/arm-none-eabi/13.2.1/../../../arm-none-eabi/lib/thumb/v7e-m+fp/hard/crt0.o
LOAD build/main.o
LOAD build/bno055.o
LOAD build/stm32f4xx_it.o
LOAD build/stm32f4xx_hal_msp.o
LOAD build/stm32f4xx_hal_i2c.o
LOAD build/stm32f4xx_hal_i2c_ex.o
LOAD build/stm32f4xx_hal_rcc.o
LOAD build/stm32f4xx_hal_rcc_ex.o
LOAD build/stm32f4xx_hal_flash.o
LOAD build/stm32f4xx_hal_flash_ex.o
LOAD build/stm32f4xx_hal_flash_ramfunc.o
LOAD build/stm32f4xx_hal_gpio.o
LOAD build/stm32f4xx_hal_dma_ex.o
LOAD build/stm32f4xx_hal_dma.o
LOAD build/stm32f4xx_hal_pwr.o
LOAD build/stm32f4xx_hal_pwr_ex.o
LOAD build/stm32f4xx_hal_cortex.o
LOAD build/stm32f4xx_hal.o
LOAD build/stm32f4xx_hal_exti.o
LOAD build/stm32f4xx_hal_uart.o
LOAD build/system_stm32f4xx.o
LOAD build/sysmem.o
LOAD build/syscalls.o
LOAD build/startup_stm32f446xx.o
LOAD /usr/lib/gcc/arm-none-eabi/13.2.1/../../../arm-none-eabi/lib/thumb/v7e-m+fp/hard/libc_nano.a
LOAD /usr/lib/gcc/arm-none-eabi/13.2.1/../../../arm-none-eabi/lib/thumb/v7e-m+fp/hard/libm.a
LOAD /usr/lib/gcc/arm-none-eabi/13.2.1/../../../arm-none-eabi/lib/thumb/v7e-m+fp/hard/libnosys.a
START GROUP
LOAD /usr/lib/gcc/arm-none-eabi/13.2.1/thumb/v7e-m+fp/hard/libgcc.a
LOAD /usr/lib/gcc/arm-none-eabi/13.2.1/../../../arm-none-eabi/lib/thumb/v7e-m+fp/hard/libc_nano.a
END GROUP
START GROUP
LOAD /usr/lib/gcc/arm-none-eabi/13.2.1/thumb/v7e-m+fp/hard/libgcc.a
LOAD /usr/lib/gcc/arm-none-eabi/13.2.1/../../../arm-none-eabi/lib/thumb/v7e-m+fp/hard/libc_nano.a
END GROUP
LOAD /usr/lib/gcc/arm-none-eabi/13.2.1/thumb/v7e-m+fp/hard/crtend.o
LOAD /usr/lib/gcc/arm-none-eabi/13.2.1/thumb/v7e-m+fp/hard/crtn.o
                0x20020000                        _estack = (ORIGIN (RAM) + LENGTH (RAM))
                0x00000200                        _Min_Heap_Size = 0x200
                0x00000400                        _Min_Stack_Size = 0x400

.isr_vector     0x08000000      0x1c4
                0x08000000                        . = ALIGN (0x4)
 *(.isr_vector)
 .isr_vector    0x08000000      0x1c4 build/startup_stm32f446xx.o
                0x08000000                g_pfnVectors
                0x080001c4                        . = ALIGN (0x4)

.text           0x08000200     0x5414
                0x08000200                        . = ALIGN (0x4)
 *(.text)
 .text          0x08000200       0x88 /usr/lib/gcc/arm-none-eabi/13.2.1/thumb/v7e-m+fp/hard/crtbegin.o
 .text          0x08000288       0x80 /usr/lib/gcc/arm-none-eabi/13.2.1/../../../arm-none-eabi/lib/thumb/v7e-m+fp/hard/libc_nano.a(libc_a-sprintf.o)
                0x08000288                _siprintf_r
                0x08000288                _sprintf_r
                0x080002c4                sprintf
                0x080002c4                siprintf
 .text          0x08000308      0x400 /usr/lib/gcc/arm-none-eabi/13.2.1/../../../arm-none-eabi/lib/thumb/v7e-m+fp/hard/libc_nano.a(libc_a-nano-svfprintf.o)
                0x08000308                __ssputs_r
                0x080003c8                __ssprint_r
                0x080004d0                _svfprintf_r
                0x080004d0                _svfiprintf_r
 .text          0x08000708       0x50 /usr/lib/gcc/arm-none-eabi/13.2.1/../../../arm-none-eabi/lib/thumb/v7e-m+fp/hard/libc_nano.a(libc_a-init.o)
                0x08000708                __libc_init_array
 *fill*         0x08000758       0x28 
 .text          0x08000780       0xd8 /usr/lib/gcc/arm-none-eabi/13.2.1/../../../arm-none-eabi/lib/thumb/v7e-m+fp/hard/libc_nano.a(libc_a-strlen.o)
                0x08000780                strlen
 .text          0x08000858       0xa4 /usr/lib/gcc/arm-none-eabi/13.2.1/../../../arm-none-eabi/lib/thumb/v7e-m+fp/hard/libc_nano.a(libc_a-memset.o)
                0x08000858                memset
 .text          0x080008fc        0xc /usr/lib/gcc/arm-none-eabi/13.2.1/../../../arm-none-eabi/lib/thumb/v7e-m+fp/hard/libc_nano.a(libc_a-errno.o)
                0x080008fc                __errno
 .text          0x08000908      0x148 /usr/lib/gcc/arm-none-eabi/13.2.1/../../../arm-none-eabi/lib/thumb/v7e-m+fp/hard/libc_nano.a(libc_a-mallocr.o)
                0x08000950                _malloc_r
 .text          0x08000a50       0xbc /usr/lib/gcc/arm-none-eabi/13.2.1/../../../arm-none-eabi/lib/thumb/v7e-m+fp/hard/libc_nano.a(libc_a-freer.o)
                0x08000a50                _free_r
 .text          0x08000b0c      0x100 /usr/lib/gcc/arm-none-eabi/13.2.1/../../../arm-none-eabi/lib/thumb/v7e-m+fp/hard/libc_nano.a(libc_a-memmove.o)
                0x08000b0c                memmove
 *fill*         0x08000c0c        0x4 
 .text          0x08000c10       0xa0 /usr/lib/gcc/arm-none-eabi/13.2.1/../../../arm-none-eabi/lib/thumb/v7e-m+fp/hard/libc_nano.a(libc_a-memchr.o)
                0x08000c10                memchr
 .text          0x08000cb0      0x134 /usr/lib/gcc/arm-none-eabi/13.2.1/../../../arm-none-eabi/lib/thumb/v7e-m+fp/hard/libc_nano.a(libc_a-memcpy.o)
                0x08000cb0                memcpy
 .text          0x08000de4       0x64 /usr/lib/gcc/arm-none-eabi/13.2.1/../../../arm-none-eabi/lib/thumb/v7e-m+fp/hard/libc_nano.a(libc_a-reallocr.o)
                0x08000de4                _realloc_r
 .text          0x08000e48      0x3a8 /usr/lib/gcc/arm-none-eabi/13.2.1/../../../arm-none-eabi/lib/thumb/v7e-m+fp/hard/libc_nano.a(libc_a-nano-vfprintf_i.o)
                0x08000e48                _printf_common
                0x08000f6c                _printf_i
 .text          0x080011f0        0x8 /usr/lib/gcc/arm-none-eabi/13.2.1/../../../arm-none-eabi/lib/thumb/v7e-m+fp/hard/libc_nano.a(libc_a-mlock.o)
                0x080011f0                __malloc_lock
                0x080011f4                __malloc_unlock
 .text          0x080011f8       0x24 /usr/lib/gcc/arm-none-eabi/13.2.1/../../../arm-none-eabi/lib/thumb/v7e-m+fp/hard/libc_nano.a(libc_a-sbrkr.o)
                0x080011f8                _sbrk_r
 .text          0x0800121c       0x10 /usr/lib/gcc/arm-none-eabi/13.2.1/../../../arm-none-eabi/lib/thumb/v7e-m+fp/hard/libc_nano.a(libc_a-msizer.o)
                0x0800121c                _malloc_usable_size_r
 .text          0x0800122c      0x378 /usr/lib/gcc/arm-none-eabi/13.2.1/thumb/v7e-m+fp/hard/libgcc.a(_arm_addsubdf3.o)
                0x0800122c                __aeabi_drsub
                0x08001234                __aeabi_dsub
                0x08001234                __subdf3
                0x08001238                __adddf3
                0x08001238                __aeabi_dadd
                0x080014b0                __aeabi_ui2d
                0x080014b0                __floatunsidf
                0x080014d0                __floatsidf
                0x080014d0                __aeabi_i2d
                0x080014f4                __extendsfdf2
                0x080014f4                __aeabi_f2d
                0x08001538                __aeabi_ul2d
                0x08001538                __floatundidf
                0x08001548                __floatdidf
                0x08001548                __aeabi_l2d
 .text          0x080015a4      0x424 /usr/lib/gcc/arm-none-eabi/13.2.1/thumb/v7e-m+fp/hard/libgcc.a(_arm_muldivdf3.o)
                0x080015a4                __aeabi_dmul
                0x080015a4                __muldf3
                0x080017f8                __aeabi_ddiv
                0x080017f8                __divdf3
 .text          0x080019c8       0xa0 /usr/lib/gcc/arm-none-eabi/13.2.1/thumb/v7e-m+fp/hard/libgcc.a(_arm_truncdfsf2.o)
                0x080019c8                __aeabi_d2f
                0x080019c8                __truncdfsf2
 .text          0x08001a68       0x30 /usr/lib/gcc/arm-none-eabi/13.2.1/thumb/v7e-m+fp/hard/libgcc.a(_aeabi_uldivmod.o)
                0x08001a68                __aeabi_uldivmod
 .text          0x08001a98      0x2bc /usr/lib/gcc/arm-none-eabi/13.2.1/thumb/v7e-m+fp/hard/libgcc.a(_udivmoddi4.o)
                0x08001a98                __udivmoddi4
 .text          0x08001d54        0x4 /usr/lib/gcc/arm-none-eabi/13.2.1/thumb/v7e-m+fp/hard/libgcc.a(_dvmd_tls.o)
                0x08001d54                __aeabi_ldiv0
                0x08001d54                __aeabi_idiv0
 *(.text*)
 .text.MX_GPIO_Init
                0x08001d58       0xa8 build/main.o
 .text.MX_DMA_Init
                0x08001e00       0x44 build/main.o
 .text.Error_Handler
                0x08001e44        0x4 build/main.o
                0x08001e44                Error_Handler
 .text.MX_USART2_UART_Init
                0x08001e48       0x34 build/main.o
 .text.MX_I2C1_Init
                0x08001e7c       0x38 build/main.o
 .text.SystemClock_Config
                0x08001eb4       0xa4 build/main.o
                0x08001eb4                SystemClock_Config
 .text.main     0x08001f58      0x3b0 build/main.o
                0x08001f58                main
 .text.BNO055_SetMode
                0x08002308       0x26 build/bno055.o
                0x08002308                BNO055_SetMode
 .text.BNO055_GetChipID
                0x0800232e       0x1e build/bno055.o
                0x0800232e                BNO055_GetChipID
 .text.BNO055_Init
                0x0800234c       0xfe build/bno055.o
                0x0800234c                BNO055_Init
 .text.BNO055_ReadAccel
                0x0800244a       0x4e build/bno055.o
                0x0800244a                BNO055_ReadAccel
 .text.BNO055_ReadGyro
                0x08002498       0x4e build/bno055.o
                0x08002498                BNO055_ReadGyro
 .text.BNO055_ReadMag
                0x080024e6       0x4e build/bno055.o
                0x080024e6                BNO055_ReadMag
 .text.BNO055_ReadEuler
                0x08002534       0x4e build/bno055.o
                0x08002534                BNO055_ReadEuler
 .text.BNO055_GetCalibration
                0x08002582       0x3e build/bno055.o
                0x08002582                BNO055_GetCalibration
 .text.NMI_Handler
                0x080025c0        0x2 build/stm32f4xx_it.o
                0x080025c0                NMI_Handler
 .text.HardFault_Handler
                0x080025c2        0x2 build/stm32f4xx_it.o
                0x080025c2                HardFault_Handler
 .text.MemManage_Handler
                0x080025c4        0x2 build/stm32f4xx_it.o
                0x080025c4                MemManage_Handler
 .text.BusFault_Handler
                0x080025c6        0x2 build/stm32f4xx_it.o
                0x080025c6                BusFault_Handler
 .text.UsageFault_Handler
                0x080025c8        0x2 build/stm32f4xx_it.o
                0x080025c8                UsageFault_Handler
 .text.SVC_Handler
                0x080025ca        0x2 build/stm32f4xx_it.o
                0x080025ca                SVC_Handler
 .text.DebugMon_Handler
                0x080025cc        0x2 build/stm32f4xx_it.o
                0x080025cc                DebugMon_Handler
 .text.PendSV_Handler
                0x080025ce        0x2 build/stm32f4xx_it.o
                0x080025ce                PendSV_Handler
 .text.SysTick_Handler
                0x080025d0        0x8 build/stm32f4xx_it.o
                0x080025d0                SysTick_Handler
 .text.DMA1_Stream0_IRQHandler
                0x080025d8       0x10 build/stm32f4xx_it.o
                0x080025d8                DMA1_Stream0_IRQHandler
 .text.DMA1_Stream6_IRQHandler
                0x080025e8       0x10 build/stm32f4xx_it.o
                0x080025e8                DMA1_Stream6_IRQHandler
 .text.I2C1_EV_IRQHandler
                0x080025f8       0x10 build/stm32f4xx_it.o
                0x080025f8                I2C1_EV_IRQHandler
 .text.I2C1_ER_IRQHandler
                0x08002608       0x10 build/stm32f4xx_it.o
                0x08002608                I2C1_ER_IRQHandler
 .text.HAL_MspInit
                0x08002618       0x40 build/stm32f4xx_hal_msp.o
                0x08002618                HAL_MspInit
 .text.HAL_I2C_MspInit
                0x08002658      0x138 build/stm32f4xx_hal_msp.o
                0x08002658                HAL_I2C_MspInit
 .text.HAL_UART_MspInit
                0x08002790       0x70 build/stm32f4xx_hal_msp.o
                0x08002790                HAL_UART_MspInit
 .text.I2C_Flush_DR
                0x08002800       0x10 build/stm32f4xx_hal_i2c.o
 .text.I2C_Master_SB
                0x08002810       0xa8 build/stm32f4xx_hal_i2c.o
 .text.I2C_Master_ADD10
                0x080028b8       0x2a build/stm32f4xx_hal_i2c.o
 *fill*         0x080028e2        0x2 
 .text.I2C_Master_ADDR
                0x080028e4      0x230 build/stm32f4xx_hal_i2c.o
 .text.I2C_SlaveTransmit_BTF
                0x08002b14       0x20 build/stm32f4xx_hal_i2c.o
 .text.I2C_SlaveReceive_BTF
                0x08002b34       0x20 build/stm32f4xx_hal_i2c.o
 .text.I2C_WaitOnSTOPRequestThroughIT
                0x08002b54       0x48 build/stm32f4xx_hal_i2c.o
 .text.I2C_IsAcknowledgeFailed
                0x08002b9c       0x32 build/stm32f4xx_hal_i2c.o
 .text.I2C_ConvertOtherXferOptions
                0x08002bce       0x1e build/stm32f4xx_hal_i2c.o
 .text.I2C_WaitOnFlagUntilTimeout
                0x08002bec       0xaa build/stm32f4xx_hal_i2c.o
 .text.I2C_WaitOnMasterAddressFlagUntilTimeout
                0x08002c96       0xd6 build/stm32f4xx_hal_i2c.o
 .text.I2C_WaitOnTXEFlagUntilTimeout
                0x08002d6c       0x5e build/stm32f4xx_hal_i2c.o
 *fill*         0x08002dca        0x2 
 .text.I2C_RequestMemoryWrite
                0x08002dcc       0xd8 build/stm32f4xx_hal_i2c.o
 .text.I2C_RequestMemoryRead
                0x08002ea4      0x154 build/stm32f4xx_hal_i2c.o
 .text.I2C_WaitOnBTFFlagUntilTimeout
                0x08002ff8       0x5e build/stm32f4xx_hal_i2c.o
 .text.I2C_WaitOnRXNEFlagUntilTimeout
                0x08003056       0x78 build/stm32f4xx_hal_i2c.o
 *fill*         0x080030ce        0x2 
 .text.HAL_I2C_Init
                0x080030d0      0x1bc build/stm32f4xx_hal_i2c.o
                0x080030d0                HAL_I2C_Init
 .text.HAL_I2C_Mem_Write
                0x0800328c      0x164 build/stm32f4xx_hal_i2c.o
                0x0800328c                HAL_I2C_Mem_Write
 .text.HAL_I2C_Mem_Read
                0x080033f0      0x2f8 build/stm32f4xx_hal_i2c.o
                0x080033f0                HAL_I2C_Mem_Read
 .text.HAL_I2C_MasterTxCpltCallback
                0x080036e8        0x2 build/stm32f4xx_hal_i2c.o
                0x080036e8                HAL_I2C_MasterTxCpltCallback
 .text.HAL_I2C_MasterRxCpltCallback
                0x080036ea        0x2 build/stm32f4xx_hal_i2c.o
                0x080036ea                HAL_I2C_MasterRxCpltCallback
 .text.HAL_I2C_SlaveTxCpltCallback
                0x080036ec        0x2 build/stm32f4xx_hal_i2c.o
                0x080036ec                HAL_I2C_SlaveTxCpltCallback
 .text.I2C_SlaveTransmit_TXE
                0x080036ee       0x4c build/stm32f4xx_hal_i2c.o
 .text.HAL_I2C_SlaveRxCpltCallback
                0x0800373a        0x2 build/stm32f4xx_hal_i2c.o
                0x0800373a                HAL_I2C_SlaveRxCpltCallback
 .text.I2C_SlaveReceive_RXNE
                0x0800373c       0x4c build/stm32f4xx_hal_i2c.o
 .text.HAL_I2C_AddrCallback
                0x08003788        0x2 build/stm32f4xx_hal_i2c.o
                0x08003788                HAL_I2C_AddrCallback
 .text.I2C_Slave_ADDR
                0x0800378a       0x5a build/stm32f4xx_hal_i2c.o
 .text.HAL_I2C_ListenCpltCallback
                0x080037e4        0x2 build/stm32f4xx_hal_i2c.o
                0x080037e4                HAL_I2C_ListenCpltCallback
 *fill*         0x080037e6        0x2 
 .text.I2C_Slave_AF
                0x080037e8       0xa0 build/stm32f4xx_hal_i2c.o
 .text.HAL_I2C_MemTxCpltCallback
                0x08003888        0x2 build/stm32f4xx_hal_i2c.o
                0x08003888                HAL_I2C_MemTxCpltCallback
 .text.I2C_MasterTransmit_BTF
                0x0800388a       0x9e build/stm32f4xx_hal_i2c.o
 .text.I2C_MemoryTransmit_TXE_BTF
                0x08003928       0xc4 build/stm32f4xx_hal_i2c.o
 .text.I2C_MasterTransmit_TXE
                0x080039ec       0xd4 build/stm32f4xx_hal_i2c.o
 .text.HAL_I2C_MemRxCpltCallback
                0x08003ac0        0x2 build/stm32f4xx_hal_i2c.o
                0x08003ac0                HAL_I2C_MemRxCpltCallback
 .text.I2C_MasterReceive_BTF
                0x08003ac2      0x140 build/stm32f4xx_hal_i2c.o
 .text.HAL_I2C_ErrorCallback
                0x08003c02        0x2 build/stm32f4xx_hal_i2c.o
                0x08003c02                HAL_I2C_ErrorCallback
 .text.I2C_MasterReceive_RXNE
                0x08003c04      0x106 build/stm32f4xx_hal_i2c.o
 .text.HAL_I2C_AbortCpltCallback
                0x08003d0a        0x2 build/stm32f4xx_hal_i2c.o
                0x08003d0a                HAL_I2C_AbortCpltCallback
 .text.I2C_DMAAbort
                0x08003d0c       0xe4 build/stm32f4xx_hal_i2c.o
 .text.I2C_ITError
                0x08003df0      0x178 build/stm32f4xx_hal_i2c.o
 .text.I2C_Slave_STOPF
                0x08003f68      0x18c build/stm32f4xx_hal_i2c.o
 .text.HAL_I2C_EV_IRQHandler
                0x080040f4      0x1a0 build/stm32f4xx_hal_i2c.o
                0x080040f4                HAL_I2C_EV_IRQHandler
 .text.HAL_I2C_ER_IRQHandler
                0x08004294       0xc4 build/stm32f4xx_hal_i2c.o
                0x08004294                HAL_I2C_ER_IRQHandler
 .text.HAL_RCC_ClockConfig
                0x08004358      0x160 build/stm32f4xx_hal_rcc.o
                0x08004358                HAL_RCC_ClockConfig
 .text.HAL_RCC_GetHCLKFreq
                0x080044b8        0xc build/stm32f4xx_hal_rcc.o
                0x080044b8                HAL_RCC_GetHCLKFreq
 .text.HAL_RCC_GetPCLK1Freq
                0x080044c4       0x20 build/stm32f4xx_hal_rcc.o
                0x080044c4                HAL_RCC_GetPCLK1Freq
 .text.HAL_RCC_GetPCLK2Freq
                0x080044e4       0x20 build/stm32f4xx_hal_rcc.o
                0x080044e4                HAL_RCC_GetPCLK2Freq
 .text.HAL_RCC_GetSysClockFreq
                0x08004504      0x190 build/stm32f4xx_hal_rcc_ex.o
                0x08004504                HAL_RCC_GetSysClockFreq
 .text.HAL_RCC_OscConfig
                0x08004694      0x444 build/stm32f4xx_hal_rcc_ex.o
                0x08004694                HAL_RCC_OscConfig
 .text.HAL_GPIO_Init
                0x08004ad8      0x1e0 build/stm32f4xx_hal_gpio.o
                0x08004ad8                HAL_GPIO_Init
 .text.HAL_GPIO_WritePin
                0x08004cb8        0xc build/stm32f4xx_hal_gpio.o
                0x08004cb8                HAL_GPIO_WritePin
 .text.DMA_CalcBaseAndBitshift
                0x08004cc4       0x3c build/stm32f4xx_hal_dma.o
 .text.DMA_CheckFifoParam
                0x08004d00       0x8e build/stm32f4xx_hal_dma.o
 *fill*         0x08004d8e        0x2 
 .text.HAL_DMA_Init
                0x08004d90       0xcc build/stm32f4xx_hal_dma.o
                0x08004d90                HAL_DMA_Init
 .text.HAL_DMA_Abort_IT
                0x08004e5c       0x26 build/stm32f4xx_hal_dma.o
                0x08004e5c                HAL_DMA_Abort_IT
 *fill*         0x08004e82        0x2 
 .text.HAL_DMA_IRQHandler
                0x08004e84      0x1dc build/stm32f4xx_hal_dma.o
                0x08004e84                HAL_DMA_IRQHandler
 .text.HAL_DMA_GetState
                0x08005060        0x6 build/stm32f4xx_hal_dma.o
                0x08005060                HAL_DMA_GetState
 *fill*         0x08005066        0x2 
 .text.__NVIC_EnableIRQ
                0x08005068       0x1c build/stm32f4xx_hal_cortex.o
 .text.__NVIC_SetPriority
                0x08005084       0x28 build/stm32f4xx_hal_cortex.o
 .text.NVIC_EncodePriority
                0x080050ac       0x3e build/stm32f4xx_hal_cortex.o
 *fill*         0x080050ea        0x2 
 .text.HAL_NVIC_SetPriorityGrouping
                0x080050ec       0x24 build/stm32f4xx_hal_cortex.o
                0x080050ec                HAL_NVIC_SetPriorityGrouping
 .text.HAL_NVIC_SetPriority
                0x08005110       0x20 build/stm32f4xx_hal_cortex.o
                0x08005110                HAL_NVIC_SetPriority
 .text.HAL_NVIC_EnableIRQ
                0x08005130        0x8 build/stm32f4xx_hal_cortex.o
                0x08005130                HAL_NVIC_EnableIRQ
 .text.HAL_SYSTICK_Config
                0x08005138       0x28 build/stm32f4xx_hal_cortex.o
                0x08005138                HAL_SYSTICK_Config
 .text.HAL_InitTick
                0x08005160       0x4c build/stm32f4xx_hal.o
                0x08005160                HAL_InitTick
 .text.HAL_Init
                0x080051ac       0x34 build/stm32f4xx_hal.o
                0x080051ac                HAL_Init
 .text.HAL_IncTick
                0x080051e0       0x18 build/stm32f4xx_hal.o
                0x080051e0                HAL_IncTick
 .text.HAL_GetTick
                0x080051f8        0xc build/stm32f4xx_hal.o
                0x080051f8                HAL_GetTick
 .text.HAL_Delay
                0x08005204       0x28 build/stm32f4xx_hal.o
                0x08005204                HAL_Delay
 .text.UART_EndRxTransfer
                0x0800522c       0x5c build/stm32f4xx_hal_uart.o
 .text.UART_SetConfig
                0x08005288      0x110 build/stm32f4xx_hal_uart.o
 .text.UART_WaitOnFlagUntilTimeout
                0x08005398       0x86 build/stm32f4xx_hal_uart.o
 .text.HAL_UART_Init
                0x0800541e       0x60 build/stm32f4xx_hal_uart.o
                0x0800541e                HAL_UART_Init
 .text.HAL_UART_Transmit
                0x0800547e       0xcc build/stm32f4xx_hal_uart.o
                0x0800547e                HAL_UART_Transmit
 *fill*         0x0800554a        0x2 
 .text.SystemInit
                0x0800554c       0x14 build/system_stm32f4xx.o
                0x0800554c                SystemInit
 .text._sbrk    0x08005560       0x48 build/sysmem.o
                0x08005560                _sbrk
 .text.Reset_Handler
                0x080055a8       0x50 build/startup_stm32f446xx.o
                0x080055a8                Reset_Handler
 .text.Default_Handler
                0x080055f8        0x2 build/startup_stm32f446xx.o
                0x080055f8                RTC_Alarm_IRQHandler
                0x080055f8                EXTI2_IRQHandler
                0x080055f8                TIM8_CC_IRQHandler
                0x080055f8                FMPI2C1_EV_IRQHandler
                0x080055f8                SPI4_IRQHandler
                0x080055f8                TIM1_CC_IRQHandler
                0x080055f8                DMA2_Stream5_IRQHandler
                0x080055f8                DMA1_Stream5_IRQHandler
                0x080055f8                PVD_IRQHandler
                0x080055f8                SDIO_IRQHandler
                0x080055f8                TAMP_STAMP_IRQHandler
                0x080055f8                CAN2_RX1_IRQHandler
                0x080055f8                EXTI3_IRQHandler
                0x080055f8                TIM8_TRG_COM_TIM14_IRQHandler
                0x080055f8                TIM1_UP_TIM10_IRQHandler
                0x080055f8                TIM8_UP_TIM13_IRQHandler
                0x080055f8                I2C3_ER_IRQHandler
                0x080055f8                EXTI0_IRQHandler
                0x080055f8                I2C2_EV_IRQHandler
                0x080055f8                DMA1_Stream2_IRQHandler
                0x080055f8                CAN1_RX0_IRQHandler
                0x080055f8                FPU_IRQHandler
                0x080055f8                OTG_HS_WKUP_IRQHandler
                0x080055f8                CAN2_SCE_IRQHandler
                0x080055f8                DMA2_Stream2_IRQHandler
                0x080055f8                SPI1_IRQHandler
                0x080055f8                TIM6_DAC_IRQHandler
                0x080055f8                TIM1_BRK_TIM9_IRQHandler
                0x080055f8                DCMI_IRQHandler
                0x080055f8                CAN2_RX0_IRQHandler
                0x080055f8                DMA2_Stream3_IRQHandler
                0x080055f8                SAI2_IRQHandler
                0x080055f8                USART6_IRQHandler
                0x080055f8                USART3_IRQHandler
                0x080055f8                CAN1_RX1_IRQHandler
                0x080055f8                UART5_IRQHandler
                0x080055f8                DMA2_Stream0_IRQHandler
                0x080055f8                TIM4_IRQHandler
                0x080055f8                QUADSPI_IRQHandler
                0x080055f8                DMA1_Stream1_IRQHandler
                0x080055f8                UART4_IRQHandler
                0x080055f8                TIM3_IRQHandler
                0x080055f8                RCC_IRQHandler
                0x080055f8                TIM8_BRK_TIM12_IRQHandler
                0x080055f8                Default_Handler
                0x080055f8                CEC_IRQHandler
                0x080055f8                EXTI15_10_IRQHandler
                0x080055f8                ADC_IRQHandler
                0x080055f8                DMA1_Stream7_IRQHandler
                0x080055f8                TIM7_IRQHandler
                0x080055f8                CAN2_TX_IRQHandler
                0x080055f8                TIM5_IRQHandler
                0x080055f8                DMA2_Stream7_IRQHandler
                0x080055f8                I2C3_EV_IRQHandler
                0x080055f8                EXTI9_5_IRQHandler
                0x080055f8                RTC_WKUP_IRQHandler
                0x080055f8                SPDIF_RX_IRQHandler
                0x080055f8                SPI2_IRQHandler
                0x080055f8                OTG_HS_EP1_IN_IRQHandler
                0x080055f8                CAN1_TX_IRQHandler
                0x080055f8                FMPI2C1_ER_IRQHandler
                0x080055f8                EXTI4_IRQHandler
                0x080055f8                OTG_HS_EP1_OUT_IRQHandler
                0x080055f8                WWDG_IRQHandler
                0x080055f8                TIM2_IRQHandler
                0x080055f8                OTG_FS_WKUP_IRQHandler
                0x080055f8                TIM1_TRG_COM_TIM11_IRQHandler
                0x080055f8                OTG_HS_IRQHandler
                0x080055f8                EXTI1_IRQHandler
                0x080055f8                USART2_IRQHandler
                0x080055f8                I2C2_ER_IRQHandler
                0x080055f8                DMA2_Stream1_IRQHandler
                0x080055f8                CAN1_SCE_IRQHandler
                0x080055f8                FLASH_IRQHandler
                0x080055f8                DMA2_Stream4_IRQHandler
                0x080055f8                USART1_IRQHandler
                0x080055f8                OTG_FS_IRQHandler
                0x080055f8                SPI3_IRQHandler
                0x080055f8                DMA1_Stream4_IRQHandler
                0x080055f8                FMC_IRQHandler
                0x080055f8                DMA2_Stream6_IRQHandler
                0x080055f8                SAI1_IRQHandler
                0x080055f8                DMA1_Stream3_IRQHandler
 *(.glue_7)
 .glue_7        0x080055fa        0x0 linker stubs
 *(.glue_7t)
 .glue_7t       0x080055fa        0x0 linker stubs
 *(.eh_frame)
 *fill*         0x080055fa        0x2 
 .eh_frame      0x080055fc        0x0 /usr/lib/gcc/arm-none-eabi/13.2.1/thumb/v7e-m+fp/hard/crtbegin.o
 *(.init)
 .init          0x080055fc        0x4 /usr/lib/gcc/arm-none-eabi/13.2.1/thumb/v7e-m+fp/hard/crti.o
                0x080055fc                _init
 .init          0x08005600        0x8 /usr/lib/gcc/arm-none-eabi/13.2.1/thumb/v7e-m+fp/hard/crtn.o
 *(.fini)
 .fini          0x08005608        0x4 /usr/lib/gcc/arm-none-eabi/13.2.1/thumb/v7e-m+fp/hard/crti.o
                0x08005608                _fini
 .fini          0x0800560c        0x8 /usr/lib/gcc/arm-none-eabi/13.2.1/thumb/v7e-m+fp/hard/crtn.o
                0x08005614                        . = ALIGN (0x4)
                0x08005614                        _etext = .

.vfp11_veneer   0x08005614        0x0
 .vfp11_veneer  0x08005614        0x0 linker stubs

.v4_bx          0x08005614        0x0
 .v4_bx         0x08005614        0x0 linker stubs

.iplt           0x08005614        0x0
 .iplt          0x08005614        0x0 /usr/lib/gcc/arm-none-eabi/13.2.1/thumb/v7e-m+fp/hard/crtbegin.o

.rodata         0x08005614      0x184
                0x08005614                        . = ALIGN (0x4)
 *(.rodata)
 *(.rodata*)
 .rodata.main.str1.4
                0x08005614      0x161 build/main.o
                                0x126 (size before relaxing)
 *fill*         0x08005775        0x3 
 .rodata.flagBitshiftOffset.0
                0x08005778        0x8 build/stm32f4xx_hal_dma.o
 .rodata.APBPrescTable
                0x08005780        0x8 build/system_stm32f4xx.o
                0x08005780                APBPrescTable
 .rodata.AHBPrescTable
                0x08005788       0x10 build/system_stm32f4xx.o
                0x08005788                AHBPrescTable
 .rodata.str1.4
                0x08005798       0x13 /usr/lib/gcc/arm-none-eabi/13.2.1/../../../arm-none-eabi/lib/thumb/v7e-m+fp/hard/libc_nano.a(libc_a-nano-svfprintf.o)
 .rodata.str1.4
                0x08005798       0x25 /usr/lib/gcc/arm-none-eabi/13.2.1/../../../arm-none-eabi/lib/thumb/v7e-m+fp/hard/libc_nano.a(libc_a-nano-vfprintf_i.o)
                0x080057c0                        . = ALIGN (0x4)

.ARM.extab      0x08005798        0x0
                0x08005798                        . = ALIGN (0x4)
 *(.ARM.extab* .gnu.linkonce.armextab.*)
                0x08005798                        . = ALIGN (0x4)

.ARM            0x08005798        0x8
                0x08005798                        . = ALIGN (0x4)
                0x08005798                        __exidx_start = .
 *(.ARM.exidx*)
 .ARM.exidx     0x08005798        0x8 /usr/lib/gcc/arm-none-eabi/13.2.1/../../../arm-none-eabi/lib/thumb/v7e-m+fp/hard/libc_nano.a(libc_a-strlen.o)
 .ARM.exidx     0x080057a0        0x0 /usr/lib/gcc/arm-none-eabi/13.2.1/../../../arm-none-eabi/lib/thumb/v7e-m+fp/hard/libc_nano.a(libc_a-memchr.o)
                                  0x8 (size before relaxing)
 .ARM.exidx     0x080057a0        0x0 /usr/lib/gcc/arm-none-eabi/13.2.1/../../../arm-none-eabi/lib/thumb/v7e-m+fp/hard/libc_nano.a(libc_a-memcpy.o)
                                  0x8 (size before relaxing)
 .ARM.exidx     0x080057a0        0x0 /usr/lib/gcc/arm-none-eabi/13.2.1/thumb/v7e-m+fp/hard/libgcc.a(_udivmoddi4.o)
                                  0x8 (size before relaxing)
                0x080057a0                        __exidx_end = .
                0x080057a0                        . = ALIGN (0x4)

.preinit_array  0x080057a0        0x0
                0x080057a0                        . = ALIGN (0x4)
                0x080057a0                        PROVIDE (__preinit_array_start = .)
 *(.preinit_array*)
                0x080057a0                        PROVIDE (__preinit_array_end = .)
                0x080057a0                        . = ALIGN (0x4)

.init_array     0x080057a0        0x4
                0x080057a0                        . = ALIGN (0x4)
                0x080057a0                        PROVIDE (__init_array_start = .)
 *(SORT_BY_NAME(.init_array.*))
 *(.init_array*)
 .init_array    0x080057a0        0x4 /usr/lib/gcc/arm-none-eabi/13.2.1/thumb/v7e-m+fp/hard/crtbegin.o
                0x080057a4                        PROVIDE (__init_array_end = .)
                0x080057a4                        . = ALIGN (0x4)

.fini_array     0x080057a4        0x4
                0x080057a4                        . = ALIGN (0x4)
                0x080057a4                        PROVIDE (__fini_array_start = .)
 *(SORT_BY_NAME(.fini_array.*))
 *(.fini_array*)
 .fini_array    0x080057a4        0x4 /usr/lib/gcc/arm-none-eabi/13.2.1/thumb/v7e-m+fp/hard/crtbegin.o
                0x080057a8                        PROVIDE (__fini_array_end = .)
                0x080057a8                        . = ALIGN (0x4)
                0x080057a8                        _sidata = LOADADDR (.data)

.rel.dyn        0x080057a8        0x0
 .rel.iplt      0x080057a8        0x0 /usr/lib/gcc/arm-none-eabi/13.2.1/thumb/v7e-m+fp/hard/crtbegin.o

.data           0x20000000       0x5c load address 0x080057a8
                0x20000000                        . = ALIGN (0x4)
                0x20000000                        _sdata = .
 *(.data)
 .data          0x20000000       0x50 /usr/lib/gcc/arm-none-eabi/13.2.1/../../../arm-none-eabi/lib/thumb/v7e-m+fp/hard/libc_nano.a(libc_a-impure.o)
                0x20000000                _impure_ptr
                0x20000004                _impure_data
 *(.data*)
 .data.uwTickFreq
                0x20000050        0x1 build/stm32f4xx_hal.o
                0x20000050                uwTickFreq
 *fill*         0x20000051        0x3 
 .data.uwTickPrio
                0x20000054        0x4 build/stm32f4xx_hal.o
                0x20000054                uwTickPrio
 .data.SystemCoreClock
                0x20000058        0x4 build/system_stm32f4xx.o
                0x20000058                SystemCoreClock
 *(.RamFunc)
 *(.RamFunc*)
                0x2000005c                        . = ALIGN (0x4)
                0x2000005c                        _edata = .

.tm_clone_table
                0x2000005c        0x0 load address 0x08005804
 .tm_clone_table
                0x2000005c        0x0 /usr/lib/gcc/arm-none-eabi/13.2.1/thumb/v7e-m+fp/hard/crtbegin.o
 .tm_clone_table
                0x2000005c        0x0 /usr/lib/gcc/arm-none-eabi/13.2.1/thumb/v7e-m+fp/hard/crtend.o

.igot.plt       0x2000005c        0x0 load address 0x08005804
 .igot.plt      0x2000005c        0x0 /usr/lib/gcc/arm-none-eabi/13.2.1/thumb/v7e-m+fp/hard/crtbegin.o
                0x2000005c                        . = ALIGN (0x4)

.bss            0x2000005c      0x3b4 load address 0x08005804
                0x2000005c                        _sbss = .
                0x2000005c                        __bss_start__ = _sbss
 *(.bss)
 .bss           0x2000005c       0x1c /usr/lib/gcc/arm-none-eabi/13.2.1/thumb/v7e-m+fp/hard/crtbegin.o
 .bss           0x20000078        0x8 /usr/lib/gcc/arm-none-eabi/13.2.1/../../../arm-none-eabi/lib/thumb/v7e-m+fp/hard/libc_nano.a(libc_a-mallocr.o)
                0x20000078                __malloc_sbrk_start
                0x2000007c                __malloc_free_list
 .bss           0x20000080      0x13c /usr/lib/gcc/arm-none-eabi/13.2.1/../../../arm-none-eabi/lib/thumb/v7e-m+fp/hard/libc_nano.a(libc_a-findfp.o)
                0x20000080                __sf
                0x200001b8                __stdio_exit_handler
 .bss           0x200001bc        0x4 /usr/lib/gcc/arm-none-eabi/13.2.1/../../../arm-none-eabi/lib/thumb/v7e-m+fp/hard/libc_nano.a(libc_a-reent.o)
                0x200001bc                errno
 *(.bss*)
 .bss.calib_status
                0x200001c0        0x4 build/main.o
                0x200001c0                calib_status
 .bss.euler_data
                0x200001c4        0x6 build/main.o
                0x200001c4                euler_data
 *fill*         0x200001ca        0x2 
 .bss.mag_data  0x200001cc        0x6 build/main.o
                0x200001cc                mag_data
 *fill*         0x200001d2        0x2 
 .bss.gyro_data
                0x200001d4        0x6 build/main.o
                0x200001d4                gyro_data
 *fill*         0x200001da        0x2 
 .bss.accel_data
                0x200001dc        0x6 build/main.o
                0x200001dc                accel_data
 *fill*         0x200001e2        0x2 
 .bss.uart_buf  0x200001e4       0xc8 build/main.o
                0x200001e4                uart_buf
 .bss.huart2    0x200002ac       0x48 build/main.o
                0x200002ac                huart2
 .bss.hdma_i2c1_rx
                0x200002f4       0x60 build/main.o
                0x200002f4                hdma_i2c1_rx
 .bss.hdma_i2c1_tx
                0x20000354       0x60 build/main.o
                0x20000354                hdma_i2c1_tx
 .bss.hi2c1     0x200003b4       0x54 build/main.o
                0x200003b4                hi2c1
 .bss.uwTick    0x20000408        0x4 build/stm32f4xx_hal.o
                0x20000408                uwTick
 .bss.__sbrk_heap_end
                0x2000040c        0x4 build/sysmem.o
 *(COMMON)
                0x20000410                        . = ALIGN (0x4)
                0x20000410                        _ebss = .
                0x20000410                        __bss_end__ = _ebss

._user_heap_stack
                0x20000410      0x600 load address 0x08005804
                0x20000410                        . = ALIGN (0x8)
                [!provide]                        PROVIDE (end = .)
                0x20000410                        PROVIDE (_end = .)
                0x20000610                        . = (. + _Min_Heap_Size)
 *fill*         0x20000410      0x200 
                0x20000a10                        . = (. + _Min_Stack_Size)
 *fill*         0x20000610      0x400 
                0x20000a10                        . = ALIGN (0x8)

/DISCARD/
 libc.a(*)
 libm.a(*)
 libgcc.a(*)
OUTPUT(build/mystm32project.elf elf32-littlearm)
LOAD linker stubs
LOAD /usr/lib/gcc/arm-none-eabi/13.2.1/../../../arm-none-eabi/lib/thumb/v7e-m+fp/hard/libc.a
LOAD /usr/lib/gcc/arm-none-eabi/13.2.1/../../../arm-none-eabi/lib/thumb/v7e-m+fp/hard/libm.a
LOAD /usr/lib/gcc/arm-none-eabi/13.2.1/thumb/v7e-m+fp/hard/libgcc.a

.ARM.attributes
                0x00000000       0x30
 .ARM.attributes
                0x00000000       0x22 /usr/lib/gcc/arm-none-eabi/13.2.1/thumb/v7e-m+fp/hard/crti.o
 .ARM.attributes
                0x00000022       0x34 /usr/lib/gcc/arm-none-eabi/13.2.1/thumb/v7e-m+fp/hard/crtbegin.o
 .ARM.attributes
                0x00000056       0x34 build/main.o
 .ARM.attributes
                0x0000008a       0x34 build/bno055.o
 .ARM.attributes
                0x000000be       0x34 build/stm32f4xx_it.o
 .ARM.attributes
                0x000000f2       0x34 build/stm32f4xx_hal_msp.o
 .ARM.attributes
                0x00000126       0x34 build/stm32f4xx_hal_i2c.o
 .ARM.attributes
                0x0000015a       0x34 build/stm32f4xx_hal_rcc.o
 .ARM.attributes
                0x0000018e       0x34 build/stm32f4xx_hal_rcc_ex.o
 .ARM.attributes
                0x000001c2       0x34 build/stm32f4xx_hal_gpio.o
 .ARM.attributes
                0x000001f6       0x34 build/stm32f4xx_hal_dma.o
 .ARM.attributes
                0x0000022a       0x34 build/stm32f4xx_hal_cortex.o
 .ARM.attributes
                0x0000025e       0x34 build/stm32f4xx_hal.o
 .ARM.attributes
                0x00000292       0x34 build/stm32f4xx_hal_uart.o
 .ARM.attributes
                0x000002c6       0x34 build/system_stm32f4xx.o
 .ARM.attributes
                0x000002fa       0x34 build/sysmem.o
 .ARM.attributes
                0x0000032e       0x21 build/startup_stm32f446xx.o
 .ARM.attributes
                0x0000034f       0x34 /usr/lib/gcc/arm-none-eabi/13.2.1/../../../arm-none-eabi/lib/thumb/v7e-m+fp/hard/libc_nano.a(libc_a-sprintf.o)
 .ARM.attributes
                0x00000383       0x34 /usr/lib/gcc/arm-none-eabi/13.2.1/../../../arm-none-eabi/lib/thumb/v7e-m+fp/hard/libc_nano.a(libc_a-impure.o)
 .ARM.attributes
                0x000003b7       0x34 /usr/lib/gcc/arm-none-eabi/13.2.1/../../../arm-none-eabi/lib/thumb/v7e-m+fp/hard/libc_nano.a(libc_a-nano-svfprintf.o)
 .ARM.attributes
                0x000003eb       0x34 /usr/lib/gcc/arm-none-eabi/13.2.1/../../../arm-none-eabi/lib/thumb/v7e-m+fp/hard/libc_nano.a(libc_a-init.o)
 .ARM.attributes
                0x0000041f       0x1c /usr/lib/gcc/arm-none-eabi/13.2.1/../../../arm-none-eabi/lib/thumb/v7e-m+fp/hard/libc_nano.a(libc_a-strlen.o)
 .ARM.attributes
                0x0000043b       0x34 /usr/lib/gcc/arm-none-eabi/13.2.1/../../../arm-none-eabi/lib/thumb/v7e-m+fp/hard/libc_nano.a(libc_a-memset.o)
 .ARM.attributes
                0x0000046f       0x34 /usr/lib/gcc/arm-none-eabi/13.2.1/../../../arm-none-eabi/lib/thumb/v7e-m+fp/hard/libc_nano.a(libc_a-errno.o)
 .ARM.attributes
                0x000004a3       0x34 /usr/lib/gcc/arm-none-eabi/13.2.1/../../../arm-none-eabi/lib/thumb/v7e-m+fp/hard/libc_nano.a(libc_a-mallocr.o)
 .ARM.attributes
                0x000004d7       0x34 /usr/lib/gcc/arm-none-eabi/13.2.1/../../../arm-none-eabi/lib/thumb/v7e-m+fp/hard/libc_nano.a(libc_a-freer.o)
 .ARM.attributes
                0x0000050b       0x34 /usr/lib/gcc/arm-none-eabi/13.2.1/../../../arm-none-eabi/lib/thumb/v7e-m+fp/hard/libc_nano.a(libc_a-memmove.o)
 .ARM.attributes
                0x0000053f       0x1c /usr/lib/gcc/arm-none-eabi/13.2.1/../../../arm-none-eabi/lib/thumb/v7e-m+fp/hard/libc_nano.a(libc_a-memchr.o)
 .ARM.attributes
                0x0000055b       0x20 /usr/lib/gcc/arm-none-eabi/13.2.1/../../../arm-none-eabi/lib/thumb/v7e-m+fp/hard/libc_nano.a(libc_a-memcpy.o)
 .ARM.attributes
                0x0000057b       0x34 /usr/lib/gcc/arm-none-eabi/13.2.1/../../../arm-none-eabi/lib/thumb/v7e-m+fp/hard/libc_nano.a(libc_a-reallocr.o)
 .ARM.attributes
                0x000005af       0x34 /usr/lib/gcc/arm-none-eabi/13.2.1/../../../arm-none-eabi/lib/thumb/v7e-m+fp/hard/libc_nano.a(libc_a-nano-vfprintf_i.o)
 .ARM.attributes
                0x000005e3       0x34 /usr/lib/gcc/arm-none-eabi/13.2.1/../../../arm-none-eabi/lib/thumb/v7e-m+fp/hard/libc_nano.a(libc_a-mlock.o)
 .ARM.attributes
                0x00000617       0x34 /usr/lib/gcc/arm-none-eabi/13.2.1/../../../arm-none-eabi/lib/thumb/v7e-m+fp/hard/libc_nano.a(libc_a-sbrkr.o)
 .ARM.attributes
                0x0000064b       0x34 /usr/lib/gcc/arm-none-eabi/13.2.1/../../../arm-none-eabi/lib/thumb/v7e-m+fp/hard/libc_nano.a(libc_a-msizer.o)
 .ARM.attributes
                0x0000067f       0x34 /usr/lib/gcc/arm-none-eabi/13.2.1/../../../arm-none-eabi/lib/thumb/v7e-m+fp/hard/libc_nano.a(libc_a-findfp.o)
 .ARM.attributes
                0x000006b3       0x34 /usr/lib/gcc/arm-none-eabi/13.2.1/../../../arm-none-eabi/lib/thumb/v7e-m+fp/hard/libc_nano.a(libc_a-reent.o)
 .ARM.attributes
                0x000006e7       0x22 /usr/lib/gcc/arm-none-eabi/13.2.1/thumb/v7e-m+fp/hard/libgcc.a(_arm_addsubdf3.o)
 .ARM.attributes
                0x00000709       0x22 /usr/lib/gcc/arm-none-eabi/13.2.1/thumb/v7e-m+fp/hard/libgcc.a(_arm_muldivdf3.o)
 .ARM.attributes
                0x0000072b       0x22 /usr/lib/gcc/arm-none-eabi/13.2.1/thumb/v7e-m+fp/hard/libgcc.a(_arm_truncdfsf2.o)
 .ARM.attributes
                0x0000074d       0x22 /usr/lib/gcc/arm-none-eabi/13.2.1/thumb/v7e-m+fp/hard/libgcc.a(_aeabi_uldivmod.o)
 .ARM.attributes
                0x0000076f       0x34 /usr/lib/gcc/arm-none-eabi/13.2.1/thumb/v7e-m+fp/hard/libgcc.a(_udivmoddi4.o)
 .ARM.attributes
                0x000007a3       0x22 /usr/lib/gcc/arm-none-eabi/13.2.1/thumb/v7e-m+fp/hard/libgcc.a(_dvmd_tls.o)
 .ARM.attributes
                0x000007c5       0x34 /usr/lib/gcc/arm-none-eabi/13.2.1/thumb/v7e-m+fp/hard/crtend.o
 .ARM.attributes
                0x000007f9       0x22 /usr/lib/gcc/arm-none-eabi/13.2.1/thumb/v7e-m+fp/hard/crtn.o

.comment        0x00000000       0x26
 .comment       0x00000000       0x26 /usr/lib/gcc/arm-none-eabi/13.2.1/thumb/v7e-m+fp/hard/crtbegin.o
                                 0x27 (size before relaxing)
 .comment       0x00000026       0x27 build/main.o
 .comment       0x00000026       0x27 build/bno055.o
 .comment       0x00000026       0x27 build/stm32f4xx_it.o
 .comment       0x00000026       0x27 build/stm32f4xx_hal_msp.o
 .comment       0x00000026       0x27 build/stm32f4xx_hal_i2c.o
 .comment       0x00000026       0x27 build/stm32f4xx_hal_rcc.o
 .comment       0x00000026       0x27 build/stm32f4xx_hal_rcc_ex.o
 .comment       0x00000026       0x27 build/stm32f4xx_hal_gpio.o
 .comment       0x00000026       0x27 build/stm32f4xx_hal_dma.o
 .comment       0x00000026       0x27 build/stm32f4xx_hal_cortex.o
 .comment       0x00000026       0x27 build/stm32f4xx_hal.o
 .comment       0x00000026       0x27 build/stm32f4xx_hal_uart.o
 .comment       0x00000026       0x27 build/system_stm32f4xx.o
 .comment       0x00000026       0x27 build/sysmem.o
 .comment       0x00000026       0x27 /usr/lib/gcc/arm-none-eabi/13.2.1/../../../arm-none-eabi/lib/thumb/v7e-m+fp/hard/libc_nano.a(libc_a-sprintf.o)
 .comment       0x00000026       0x27 /usr/lib/gcc/arm-none-eabi/13.2.1/../../../arm-none-eabi/lib/thumb/v7e-m+fp/hard/libc_nano.a(libc_a-impure.o)
 .comment       0x00000026       0x27 /usr/lib/gcc/arm-none-eabi/13.2.1/../../../arm-none-eabi/lib/thumb/v7e-m+fp/hard/libc_nano.a(libc_a-nano-svfprintf.o)
 .comment       0x00000026       0x27 /usr/lib/gcc/arm-none-eabi/13.2.1/../../../arm-none-eabi/lib/thumb/v7e-m+fp/hard/libc_nano.a(libc_a-init.o)
 .comment       0x00000026       0x27 /usr/lib/gcc/arm-none-eabi/13.2.1/../../../arm-none-eabi/lib/thumb/v7e-m+fp/hard/libc_nano.a(libc_a-memset.o)
 .comment       0x00000026       0x27 /usr/lib/gcc/arm-none-eabi/13.2.1/../../../arm-none-eabi/lib/thumb/v7e-m+fp/hard/libc_nano.a(libc_a-errno.o)
 .comment       0x00000026       0x27 /usr/lib/gcc/arm-none-eabi/13.2.1/../../../arm-none-eabi/lib/thumb/v7e-m+fp/hard/libc_nano.a(libc_a-mallocr.o)
 .comment       0x00000026       0x27 /usr/lib/gcc/arm-none-eabi/13.2.1/../../../arm-none-eabi/lib/thumb/v7e-m+fp/hard/libc_nano.a(libc_a-freer.o)
 .comment       0x00000026       0x27 /usr/lib/gcc/arm-none-eabi/13.2.1/../../../arm-none-eabi/lib/thumb/v7e-m+fp/hard/libc_nano.a(libc_a-memmove.o)
 .comment       0x00000026       0x27 /usr/lib/gcc/arm-none-eabi/13.2.1/../../../arm-none-eabi/lib/thumb/v7e-m+fp/hard/libc_nano.a(libc_a-reallocr.o)
 .comment       0x00000026       0x27 /usr/lib/gcc/arm-none-eabi/13.2.1/../../../arm-none-eabi/lib/thumb/v7e-m+fp/hard/libc_nano.a(libc_a-nano-vfprintf_i.o)
 .comment       0x00000026       0x27 /usr/lib/gcc/arm-none-eabi/13.2.1/../../../arm-none-eabi/lib/thumb/v7e-m+fp/hard/libc_nano.a(libc_a-mlock.o)
 .comment       0x00000026       0x27 /usr/lib/gcc/arm-none-eabi/13.2.1/../../../arm-none-eabi/lib/thumb/v7e-m+fp/hard/libc_nano.a(libc_a-sbrkr.o)
 .comment       0x00000026       0x27 /usr/lib/gcc/arm-none-eabi/13.2.1/../../../arm-none-eabi/lib/thumb/v7e-m+fp/hard/libc_nano.a(libc_a-msizer.o)
 .comment       0x00000026       0x27 /usr/lib/gcc/arm-none-eabi/13.2.1/../../../arm-none-eabi/lib/thumb/v7e-m+fp/hard/libc_nano.a(libc_a-findfp.o)
 .comment       0x00000026       0x27 /usr/lib/gcc/arm-none-eabi/13.2.1/../../../arm-none-eabi/lib/thumb/v7e-m+fp/hard/libc_nano.a(libc_a-reent.o)
 .comment       0x00000026       0x27 /usr/lib/gcc/arm-none-eabi/13.2.1/thumb/v7e-m+fp/hard/libgcc.a(_udivmoddi4.o)
 .comment       0x00000026       0x27 /usr/lib/gcc/arm-none-eabi/13.2.1/thumb/v7e-m+fp/hard/crtend.o

.debug_info     0x00000000    0x1a610
 .debug_info    0x00000000     0x1dfc build/main.o
 .debug_info    0x00001dfc     0x1071 build/bno055.o
 .debug_info    0x00002e6d      0x849 build/stm32f4xx_it.o
 .debug_info    0x000036b6     0x12f7 build/stm32f4xx_hal_msp.o
 .debug_info    0x000049ad     0x3bfc build/stm32f4xx_hal_i2c.o
 .debug_info    0x000085a9      0xc43 build/stm32f4xx_hal_rcc.o
 .debug_info    0x000091ec      0xdb8 build/stm32f4xx_hal_rcc_ex.o
 .debug_info    0x00009fa4      0x888 build/stm32f4xx_hal_gpio.o
 .debug_info    0x0000a82c      0xbb6 build/stm32f4xx_hal_dma.o
 .debug_info    0x0000b3e2     0x11da build/stm32f4xx_hal_cortex.o
 .debug_info    0x0000c5bc      0xb50 build/stm32f4xx_hal.o
 .debug_info    0x0000d10c     0x4385 build/stm32f4xx_hal_uart.o
 .debug_info    0x00011491      0x5df build/system_stm32f4xx.o
 .debug_info    0x00011a70      0x174 build/sysmem.o
 .debug_info    0x00011be4       0x30 build/startup_stm32f446xx.o
 .debug_info    0x00011c14      0x87b /usr/lib/gcc/arm-none-eabi/13.2.1/../../../arm-none-eabi/lib/thumb/v7e-m+fp/hard/libc_nano.a(libc_a-sprintf.o)
 .debug_info    0x0001248f      0x70b /usr/lib/gcc/arm-none-eabi/13.2.1/../../../arm-none-eabi/lib/thumb/v7e-m+fp/hard/libc_nano.a(libc_a-impure.o)
 .debug_info    0x00012b9a     0x1092 /usr/lib/gcc/arm-none-eabi/13.2.1/../../../arm-none-eabi/lib/thumb/v7e-m+fp/hard/libc_nano.a(libc_a-nano-svfprintf.o)
 .debug_info    0x00013c2c      0x10b /usr/lib/gcc/arm-none-eabi/13.2.1/../../../arm-none-eabi/lib/thumb/v7e-m+fp/hard/libc_nano.a(libc_a-init.o)
 .debug_info    0x00013d37       0x33 /usr/lib/gcc/arm-none-eabi/13.2.1/../../../arm-none-eabi/lib/thumb/v7e-m+fp/hard/libc_nano.a(libc_a-strlen.o)
 .debug_info    0x00013d6a      0x135 /usr/lib/gcc/arm-none-eabi/13.2.1/../../../arm-none-eabi/lib/thumb/v7e-m+fp/hard/libc_nano.a(libc_a-memset.o)
 .debug_info    0x00013e9f      0x6f1 /usr/lib/gcc/arm-none-eabi/13.2.1/../../../arm-none-eabi/lib/thumb/v7e-m+fp/hard/libc_nano.a(libc_a-errno.o)
 .debug_info    0x00014590      0x9b6 /usr/lib/gcc/arm-none-eabi/13.2.1/../../../arm-none-eabi/lib/thumb/v7e-m+fp/hard/libc_nano.a(libc_a-mallocr.o)
 .debug_info    0x00014f46      0x87f /usr/lib/gcc/arm-none-eabi/13.2.1/../../../arm-none-eabi/lib/thumb/v7e-m+fp/hard/libc_nano.a(libc_a-freer.o)
 .debug_info    0x000157c5      0x148 /usr/lib/gcc/arm-none-eabi/13.2.1/../../../arm-none-eabi/lib/thumb/v7e-m+fp/hard/libc_nano.a(libc_a-memmove.o)
 .debug_info    0x0001590d       0x25 /usr/lib/gcc/arm-none-eabi/13.2.1/../../../arm-none-eabi/lib/thumb/v7e-m+fp/hard/libc_nano.a(libc_a-memchr.o)
 .debug_info    0x00015932       0x33 /usr/lib/gcc/arm-none-eabi/13.2.1/../../../arm-none-eabi/lib/thumb/v7e-m+fp/hard/libc_nano.a(libc_a-memcpy.o)
 .debug_info    0x00015965      0x8cd /usr/lib/gcc/arm-none-eabi/13.2.1/../../../arm-none-eabi/lib/thumb/v7e-m+fp/hard/libc_nano.a(libc_a-reallocr.o)
 .debug_info    0x00016232      0xdd7 /usr/lib/gcc/arm-none-eabi/13.2.1/../../../arm-none-eabi/lib/thumb/v7e-m+fp/hard/libc_nano.a(libc_a-nano-vfprintf_i.o)
 .debug_info    0x00017009      0x71c /usr/lib/gcc/arm-none-eabi/13.2.1/../../../arm-none-eabi/lib/thumb/v7e-m+fp/hard/libc_nano.a(libc_a-mlock.o)
 .debug_info    0x00017725      0x778 /usr/lib/gcc/arm-none-eabi/13.2.1/../../../arm-none-eabi/lib/thumb/v7e-m+fp/hard/libc_nano.a(libc_a-sbrkr.o)
 .debug_info    0x00017e9d      0x78a /usr/lib/gcc/arm-none-eabi/13.2.1/../../../arm-none-eabi/lib/thumb/v7e-m+fp/hard/libc_nano.a(libc_a-msizer.o)
 .debug_info    0x00018627      0xe8c /usr/lib/gcc/arm-none-eabi/13.2.1/../../../arm-none-eabi/lib/thumb/v7e-m+fp/hard/libc_nano.a(libc_a-findfp.o)
 .debug_info    0x000194b3      0x89f /usr/lib/gcc/arm-none-eabi/13.2.1/../../../arm-none-eabi/lib/thumb/v7e-m+fp/hard/libc_nano.a(libc_a-reent.o)
 .debug_info    0x00019d52       0xd3 /usr/lib/gcc/arm-none-eabi/13.2.1/thumb/v7e-m+fp/hard/libgcc.a(_arm_addsubdf3.o)
 .debug_info    0x00019e25       0x57 /usr/lib/gcc/arm-none-eabi/13.2.1/thumb/v7e-m+fp/hard/libgcc.a(_arm_muldivdf3.o)
 .debug_info    0x00019e7c       0x3f /usr/lib/gcc/arm-none-eabi/13.2.1/thumb/v7e-m+fp/hard/libgcc.a(_arm_truncdfsf2.o)
 .debug_info    0x00019ebb       0x24 /usr/lib/gcc/arm-none-eabi/13.2.1/thumb/v7e-m+fp/hard/libgcc.a(_aeabi_uldivmod.o)
 .debug_info    0x00019edf      0x6f5 /usr/lib/gcc/arm-none-eabi/13.2.1/thumb/v7e-m+fp/hard/libgcc.a(_udivmoddi4.o)
 .debug_info    0x0001a5d4       0x3c /usr/lib/gcc/arm-none-eabi/13.2.1/thumb/v7e-m+fp/hard/libgcc.a(_dvmd_tls.o)

.debug_abbrev   0x00000000     0x42cf
 .debug_abbrev  0x00000000      0x2fc build/main.o
 .debug_abbrev  0x000002fc      0x24e build/bno055.o
 .debug_abbrev  0x0000054a      0x16b build/stm32f4xx_it.o
 .debug_abbrev  0x000006b5      0x21e build/stm32f4xx_hal_msp.o
 .debug_abbrev  0x000008d3      0x328 build/stm32f4xx_hal_i2c.o
 .debug_abbrev  0x00000bfb      0x2de build/stm32f4xx_hal_rcc.o
 .debug_abbrev  0x00000ed9      0x266 build/stm32f4xx_hal_rcc_ex.o
 .debug_abbrev  0x0000113f      0x22b build/stm32f4xx_hal_gpio.o
 .debug_abbrev  0x0000136a      0x2fe build/stm32f4xx_hal_dma.o
 .debug_abbrev  0x00001668      0x3ca build/stm32f4xx_hal_cortex.o
 .debug_abbrev  0x00001a32      0x244 build/stm32f4xx_hal.o
 .debug_abbrev  0x00001c76      0x366 build/stm32f4xx_hal_uart.o
 .debug_abbrev  0x00001fdc      0x11b build/system_stm32f4xx.o
 .debug_abbrev  0x000020f7       0xeb build/sysmem.o
 .debug_abbrev  0x000021e2       0x1d build/startup_stm32f446xx.o
 .debug_abbrev  0x000021ff      0x21c /usr/lib/gcc/arm-none-eabi/13.2.1/../../../arm-none-eabi/lib/thumb/v7e-m+fp/hard/libc_nano.a(libc_a-sprintf.o)
 .debug_abbrev  0x0000241b      0x149 /usr/lib/gcc/arm-none-eabi/13.2.1/../../../arm-none-eabi/lib/thumb/v7e-m+fp/hard/libc_nano.a(libc_a-impure.o)
 .debug_abbrev  0x00002564      0x32f /usr/lib/gcc/arm-none-eabi/13.2.1/../../../arm-none-eabi/lib/thumb/v7e-m+fp/hard/libc_nano.a(libc_a-nano-svfprintf.o)
 .debug_abbrev  0x00002893       0xc9 /usr/lib/gcc/arm-none-eabi/13.2.1/../../../arm-none-eabi/lib/thumb/v7e-m+fp/hard/libc_nano.a(libc_a-init.o)
 .debug_abbrev  0x0000295c       0x28 /usr/lib/gcc/arm-none-eabi/13.2.1/../../../arm-none-eabi/lib/thumb/v7e-m+fp/hard/libc_nano.a(libc_a-strlen.o)
 .debug_abbrev  0x00002984       0xb7 /usr/lib/gcc/arm-none-eabi/13.2.1/../../../arm-none-eabi/lib/thumb/v7e-m+fp/hard/libc_nano.a(libc_a-memset.o)
 .debug_abbrev  0x00002a3b      0x15e /usr/lib/gcc/arm-none-eabi/13.2.1/../../../arm-none-eabi/lib/thumb/v7e-m+fp/hard/libc_nano.a(libc_a-errno.o)
 .debug_abbrev  0x00002b99      0x24a /usr/lib/gcc/arm-none-eabi/13.2.1/../../../arm-none-eabi/lib/thumb/v7e-m+fp/hard/libc_nano.a(libc_a-mallocr.o)
 .debug_abbrev  0x00002de3      0x249 /usr/lib/gcc/arm-none-eabi/13.2.1/../../../arm-none-eabi/lib/thumb/v7e-m+fp/hard/libc_nano.a(libc_a-freer.o)
 .debug_abbrev  0x0000302c       0xc3 /usr/lib/gcc/arm-none-eabi/13.2.1/../../../arm-none-eabi/lib/thumb/v7e-m+fp/hard/libc_nano.a(libc_a-memmove.o)
 .debug_abbrev  0x000030ef       0x14 /usr/lib/gcc/arm-none-eabi/13.2.1/../../../arm-none-eabi/lib/thumb/v7e-m+fp/hard/libc_nano.a(libc_a-memchr.o)
 .debug_abbrev  0x00003103       0x28 /usr/lib/gcc/arm-none-eabi/13.2.1/../../../arm-none-eabi/lib/thumb/v7e-m+fp/hard/libc_nano.a(libc_a-memcpy.o)
 .debug_abbrev  0x0000312b      0x20c /usr/lib/gcc/arm-none-eabi/13.2.1/../../../arm-none-eabi/lib/thumb/v7e-m+fp/hard/libc_nano.a(libc_a-reallocr.o)
 .debug_abbrev  0x00003337      0x284 /usr/lib/gcc/arm-none-eabi/13.2.1/../../../arm-none-eabi/lib/thumb/v7e-m+fp/hard/libc_nano.a(libc_a-nano-vfprintf_i.o)
 .debug_abbrev  0x000035bb      0x192 /usr/lib/gcc/arm-none-eabi/13.2.1/../../../arm-none-eabi/lib/thumb/v7e-m+fp/hard/libc_nano.a(libc_a-mlock.o)
 .debug_abbrev  0x0000374d      0x1da /usr/lib/gcc/arm-none-eabi/13.2.1/../../../arm-none-eabi/lib/thumb/v7e-m+fp/hard/libc_nano.a(libc_a-sbrkr.o)
 .debug_abbrev  0x00003927      0x196 /usr/lib/gcc/arm-none-eabi/13.2.1/../../../arm-none-eabi/lib/thumb/v7e-m+fp/hard/libc_nano.a(libc_a-msizer.o)
 .debug_abbrev  0x00003abd      0x408 /usr/lib/gcc/arm-none-eabi/13.2.1/../../../arm-none-eabi/lib/thumb/v7e-m+fp/hard/libc_nano.a(libc_a-findfp.o)
 .debug_abbrev  0x00003ec5      0x1ee /usr/lib/gcc/arm-none-eabi/13.2.1/../../../arm-none-eabi/lib/thumb/v7e-m+fp/hard/libc_nano.a(libc_a-reent.o)
 .debug_abbrev  0x000040b3       0x28 /usr/lib/gcc/arm-none-eabi/13.2.1/thumb/v7e-m+fp/hard/libgcc.a(_arm_addsubdf3.o)
 .debug_abbrev  0x000040db       0x28 /usr/lib/gcc/arm-none-eabi/13.2.1/thumb/v7e-m+fp/hard/libgcc.a(_arm_muldivdf3.o)
 .debug_abbrev  0x00004103       0x28 /usr/lib/gcc/arm-none-eabi/13.2.1/thumb/v7e-m+fp/hard/libgcc.a(_arm_truncdfsf2.o)
 .debug_abbrev  0x0000412b       0x14 /usr/lib/gcc/arm-none-eabi/13.2.1/thumb/v7e-m+fp/hard/libgcc.a(_aeabi_uldivmod.o)
 .debug_abbrev  0x0000413f      0x16a /usr/lib/gcc/arm-none-eabi/13.2.1/thumb/v7e-m+fp/hard/libgcc.a(_udivmoddi4.o)
 .debug_abbrev  0x000042a9       0x26 /usr/lib/gcc/arm-none-eabi/13.2.1/thumb/v7e-m+fp/hard/libgcc.a(_dvmd_tls.o)

.debug_loc      0x00000000     0xe936
 .debug_loc     0x00000000      0x2ba build/main.o
 .debug_loc     0x000002ba      0x67c build/bno055.o
 .debug_loc     0x00000936       0xa0 build/stm32f4xx_it.o
 .debug_loc     0x000009d6      0x228 build/stm32f4xx_hal_msp.o
 .debug_loc     0x00000bfe     0x54cf build/stm32f4xx_hal_i2c.o
 .debug_loc     0x000060cd      0x720 build/stm32f4xx_hal_rcc.o
 .debug_loc     0x000067ed     0x101f build/stm32f4xx_hal_rcc_ex.o
 .debug_loc     0x0000780c      0x60b build/stm32f4xx_hal_gpio.o
 .debug_loc     0x00007e17      0xe9a build/stm32f4xx_hal_dma.o
 .debug_loc     0x00008cb1      0x8ff build/stm32f4xx_hal_cortex.o
 .debug_loc     0x000095b0      0x1f9 build/stm32f4xx_hal.o
 .debug_loc     0x000097a9     0x5040 build/stm32f4xx_hal_uart.o
 .debug_loc     0x0000e7e9       0xbd build/system_stm32f4xx.o
 .debug_loc     0x0000e8a6       0x90 build/sysmem.o

.debug_aranges  0x00000000      0xd88
 .debug_aranges
                0x00000000       0x50 build/main.o
 .debug_aranges
                0x00000050       0x70 build/bno055.o
 .debug_aranges
                0x000000c0       0x80 build/stm32f4xx_it.o
 .debug_aranges
                0x00000140       0x40 build/stm32f4xx_hal_msp.o
 .debug_aranges
                0x00000180      0x2a8 build/stm32f4xx_hal_i2c.o
 .debug_aranges
                0x00000428       0x88 build/stm32f4xx_hal_rcc.o
 .debug_aranges
                0x000004b0       0x78 build/stm32f4xx_hal_rcc_ex.o
 .debug_aranges
                0x00000528       0x58 build/stm32f4xx_hal_gpio.o
 .debug_aranges
                0x00000580       0x90 build/stm32f4xx_hal_dma.o
 .debug_aranges
                0x00000610       0xf8 build/stm32f4xx_hal_cortex.o
 .debug_aranges
                0x00000708       0xf0 build/stm32f4xx_hal.o
 .debug_aranges
                0x000007f8      0x208 build/stm32f4xx_hal_uart.o
 .debug_aranges
                0x00000a00       0x28 build/system_stm32f4xx.o
 .debug_aranges
                0x00000a28       0x20 build/sysmem.o
 .debug_aranges
                0x00000a48       0x28 build/startup_stm32f446xx.o
 .debug_aranges
                0x00000a70       0x20 /usr/lib/gcc/arm-none-eabi/13.2.1/../../../arm-none-eabi/lib/thumb/v7e-m+fp/hard/libc_nano.a(libc_a-sprintf.o)
 .debug_aranges
                0x00000a90       0x18 /usr/lib/gcc/arm-none-eabi/13.2.1/../../../arm-none-eabi/lib/thumb/v7e-m+fp/hard/libc_nano.a(libc_a-impure.o)
 .debug_aranges
                0x00000aa8       0x20 /usr/lib/gcc/arm-none-eabi/13.2.1/../../../arm-none-eabi/lib/thumb/v7e-m+fp/hard/libc_nano.a(libc_a-nano-svfprintf.o)
 .debug_aranges
                0x00000ac8       0x20 /usr/lib/gcc/arm-none-eabi/13.2.1/../../../arm-none-eabi/lib/thumb/v7e-m+fp/hard/libc_nano.a(libc_a-init.o)
 .debug_aranges
                0x00000ae8       0x20 /usr/lib/gcc/arm-none-eabi/13.2.1/../../../arm-none-eabi/lib/thumb/v7e-m+fp/hard/libc_nano.a(libc_a-strlen.o)
 .debug_aranges
                0x00000b08       0x20 /usr/lib/gcc/arm-none-eabi/13.2.1/../../../arm-none-eabi/lib/thumb/v7e-m+fp/hard/libc_nano.a(libc_a-memset.o)
 .debug_aranges
                0x00000b28       0x20 /usr/lib/gcc/arm-none-eabi/13.2.1/../../../arm-none-eabi/lib/thumb/v7e-m+fp/hard/libc_nano.a(libc_a-errno.o)
 .debug_aranges
                0x00000b48       0x20 /usr/lib/gcc/arm-none-eabi/13.2.1/../../../arm-none-eabi/lib/thumb/v7e-m+fp/hard/libc_nano.a(libc_a-mallocr.o)
 .debug_aranges
                0x00000b68       0x20 /usr/lib/gcc/arm-none-eabi/13.2.1/../../../arm-none-eabi/lib/thumb/v7e-m+fp/hard/libc_nano.a(libc_a-freer.o)
 .debug_aranges
                0x00000b88       0x20 /usr/lib/gcc/arm-none-eabi/13.2.1/../../../arm-none-eabi/lib/thumb/v7e-m+fp/hard/libc_nano.a(libc_a-memmove.o)
 .debug_aranges
                0x00000ba8       0x20 /usr/lib/gcc/arm-none-eabi/13.2.1/../../../arm-none-eabi/lib/thumb/v7e-m+fp/hard/libc_nano.a(libc_a-memchr.o)
 .debug_aranges
                0x00000bc8       0x20 /usr/lib/gcc/arm-none-eabi/13.2.1/../../../arm-none-eabi/lib/thumb/v7e-m+fp/hard/libc_nano.a(libc_a-memcpy.o)
 .debug_aranges
                0x00000be8       0x20 /usr/lib/gcc/arm-none-eabi/13.2.1/../../../arm-none-eabi/lib/thumb/v7e-m+fp/hard/libc_nano.a(libc_a-reallocr.o)
 .debug_aranges
                0x00000c08       0x20 /usr/lib/gcc/arm-none-eabi/13.2.1/../../../arm-none-eabi/lib/thumb/v7e-m+fp/hard/libc_nano.a(libc_a-nano-vfprintf_i.o)
 .debug_aranges
                0x00000c28       0x20 /usr/lib/gcc/arm-none-eabi/13.2.1/../../../arm-none-eabi/lib/thumb/v7e-m+fp/hard/libc_nano.a(libc_a-mlock.o)
 .debug_aranges
                0x00000c48       0x20 /usr/lib/gcc/arm-none-eabi/13.2.1/../../../arm-none-eabi/lib/thumb/v7e-m+fp/hard/libc_nano.a(libc_a-sbrkr.o)
 .debug_aranges
                0x00000c68       0x20 /usr/lib/gcc/arm-none-eabi/13.2.1/../../../arm-none-eabi/lib/thumb/v7e-m+fp/hard/libc_nano.a(libc_a-msizer.o)
 .debug_aranges
                0x00000c88       0x20 /usr/lib/gcc/arm-none-eabi/13.2.1/../../../arm-none-eabi/lib/thumb/v7e-m+fp/hard/libc_nano.a(libc_a-findfp.o)
 .debug_aranges
                0x00000ca8       0x20 /usr/lib/gcc/arm-none-eabi/13.2.1/../../../arm-none-eabi/lib/thumb/v7e-m+fp/hard/libc_nano.a(libc_a-reent.o)
 .debug_aranges
                0x00000cc8       0x20 /usr/lib/gcc/arm-none-eabi/13.2.1/thumb/v7e-m+fp/hard/libgcc.a(_arm_addsubdf3.o)
 .debug_aranges
                0x00000ce8       0x20 /usr/lib/gcc/arm-none-eabi/13.2.1/thumb/v7e-m+fp/hard/libgcc.a(_arm_muldivdf3.o)
 .debug_aranges
                0x00000d08       0x20 /usr/lib/gcc/arm-none-eabi/13.2.1/thumb/v7e-m+fp/hard/libgcc.a(_arm_truncdfsf2.o)
 .debug_aranges
                0x00000d28       0x20 /usr/lib/gcc/arm-none-eabi/13.2.1/thumb/v7e-m+fp/hard/libgcc.a(_aeabi_uldivmod.o)
 .debug_aranges
                0x00000d48       0x20 /usr/lib/gcc/arm-none-eabi/13.2.1/thumb/v7e-m+fp/hard/libgcc.a(_udivmoddi4.o)
 .debug_aranges
                0x00000d68       0x20 /usr/lib/gcc/arm-none-eabi/13.2.1/thumb/v7e-m+fp/hard/libgcc.a(_dvmd_tls.o)

.debug_ranges   0x00000000      0x9d0
 .debug_ranges  0x00000000       0x40 build/main.o
 .debug_ranges  0x00000040       0x60 build/bno055.o
 .debug_ranges  0x000000a0       0x70 build/stm32f4xx_it.o
 .debug_ranges  0x00000110       0x30 build/stm32f4xx_hal_msp.o
 .debug_ranges  0x00000140      0x2b0 build/stm32f4xx_hal_i2c.o
 .debug_ranges  0x000003f0       0x90 build/stm32f4xx_hal_rcc.o
 .debug_ranges  0x00000480       0x80 build/stm32f4xx_hal_rcc_ex.o
 .debug_ranges  0x00000500       0x48 build/stm32f4xx_hal_gpio.o
 .debug_ranges  0x00000548       0x80 build/stm32f4xx_hal_dma.o
 .debug_ranges  0x000005c8       0xe8 build/stm32f4xx_hal_cortex.o
 .debug_ranges  0x000006b0       0xe0 build/stm32f4xx_hal.o
 .debug_ranges  0x00000790      0x1f8 build/stm32f4xx_hal_uart.o
 .debug_ranges  0x00000988       0x18 build/system_stm32f4xx.o
 .debug_ranges  0x000009a0       0x10 build/sysmem.o
 .debug_ranges  0x000009b0       0x20 build/startup_stm32f446xx.o

.debug_line     0x00000000    0x115cf
 .debug_line    0x00000000      0x64b build/main.o
 .debug_line    0x0000064b      0x561 build/bno055.o
 .debug_line    0x00000bac      0x257 build/stm32f4xx_it.o
 .debug_line    0x00000e03      0x3cd build/stm32f4xx_hal_msp.o
 .debug_line    0x000011d0     0x53e6 build/stm32f4xx_hal_i2c.o
 .debug_line    0x000065b6      0xb40 build/stm32f4xx_hal_rcc.o
 .debug_line    0x000070f6     0x13eb build/stm32f4xx_hal_rcc_ex.o
 .debug_line    0x000084e1      0x65c build/stm32f4xx_hal_gpio.o
 .debug_line    0x00008b3d      0xdae build/stm32f4xx_hal_dma.o
 .debug_line    0x000098eb      0x7a5 build/stm32f4xx_hal_cortex.o
 .debug_line    0x0000a090      0x4e2 build/stm32f4xx_hal.o
 .debug_line    0x0000a572     0x348b build/stm32f4xx_hal_uart.o
 .debug_line    0x0000d9fd      0x1c9 build/system_stm32f4xx.o
 .debug_line    0x0000dbc6       0xfd build/sysmem.o
 .debug_line    0x0000dcc3       0x73 build/startup_stm32f446xx.o
 .debug_line    0x0000dd36      0x224 /usr/lib/gcc/arm-none-eabi/13.2.1/../../../arm-none-eabi/lib/thumb/v7e-m+fp/hard/libc_nano.a(libc_a-sprintf.o)
 .debug_line    0x0000df5a       0xe7 /usr/lib/gcc/arm-none-eabi/13.2.1/../../../arm-none-eabi/lib/thumb/v7e-m+fp/hard/libc_nano.a(libc_a-impure.o)
 .debug_line    0x0000e041      0x854 /usr/lib/gcc/arm-none-eabi/13.2.1/../../../arm-none-eabi/lib/thumb/v7e-m+fp/hard/libc_nano.a(libc_a-nano-svfprintf.o)
 .debug_line    0x0000e895      0x11e /usr/lib/gcc/arm-none-eabi/13.2.1/../../../arm-none-eabi/lib/thumb/v7e-m+fp/hard/libc_nano.a(libc_a-init.o)
 .debug_line    0x0000e9b3       0x86 /usr/lib/gcc/arm-none-eabi/13.2.1/../../../arm-none-eabi/lib/thumb/v7e-m+fp/hard/libc_nano.a(libc_a-strlen.o)
 .debug_line    0x0000ea39      0x1b6 /usr/lib/gcc/arm-none-eabi/13.2.1/../../../arm-none-eabi/lib/thumb/v7e-m+fp/hard/libc_nano.a(libc_a-memset.o)
 .debug_line    0x0000ebef      0x10c /usr/lib/gcc/arm-none-eabi/13.2.1/../../../arm-none-eabi/lib/thumb/v7e-m+fp/hard/libc_nano.a(libc_a-errno.o)
 .debug_line    0x0000ecfb      0x446 /usr/lib/gcc/arm-none-eabi/13.2.1/../../../arm-none-eabi/lib/thumb/v7e-m+fp/hard/libc_nano.a(libc_a-mallocr.o)
 .debug_line    0x0000f141      0x2c3 /usr/lib/gcc/arm-none-eabi/13.2.1/../../../arm-none-eabi/lib/thumb/v7e-m+fp/hard/libc_nano.a(libc_a-freer.o)
 .debug_line    0x0000f404      0x1f1 /usr/lib/gcc/arm-none-eabi/13.2.1/../../../arm-none-eabi/lib/thumb/v7e-m+fp/hard/libc_nano.a(libc_a-memmove.o)
 .debug_line    0x0000f5f5       0x84 /usr/lib/gcc/arm-none-eabi/13.2.1/../../../arm-none-eabi/lib/thumb/v7e-m+fp/hard/libc_nano.a(libc_a-memchr.o)
 .debug_line    0x0000f679       0xb9 /usr/lib/gcc/arm-none-eabi/13.2.1/../../../arm-none-eabi/lib/thumb/v7e-m+fp/hard/libc_nano.a(libc_a-memcpy.o)
 .debug_line    0x0000f732      0x1f8 /usr/lib/gcc/arm-none-eabi/13.2.1/../../../arm-none-eabi/lib/thumb/v7e-m+fp/hard/libc_nano.a(libc_a-reallocr.o)
 .debug_line    0x0000f92a      0x75d /usr/lib/gcc/arm-none-eabi/13.2.1/../../../arm-none-eabi/lib/thumb/v7e-m+fp/hard/libc_nano.a(libc_a-nano-vfprintf_i.o)
 .debug_line    0x00010087      0x153 /usr/lib/gcc/arm-none-eabi/13.2.1/../../../arm-none-eabi/lib/thumb/v7e-m+fp/hard/libc_nano.a(libc_a-mlock.o)
 .debug_line    0x000101da      0x193 /usr/lib/gcc/arm-none-eabi/13.2.1/../../../arm-none-eabi/lib/thumb/v7e-m+fp/hard/libc_nano.a(libc_a-sbrkr.o)
 .debug_line    0x0001036d      0x176 /usr/lib/gcc/arm-none-eabi/13.2.1/../../../arm-none-eabi/lib/thumb/v7e-m+fp/hard/libc_nano.a(libc_a-msizer.o)
 .debug_line    0x000104e3      0x4fc /usr/lib/gcc/arm-none-eabi/13.2.1/../../../arm-none-eabi/lib/thumb/v7e-m+fp/hard/libc_nano.a(libc_a-findfp.o)
 .debug_line    0x000109df      0x27b /usr/lib/gcc/arm-none-eabi/13.2.1/../../../arm-none-eabi/lib/thumb/v7e-m+fp/hard/libc_nano.a(libc_a-reent.o)
 .debug_line    0x00010c5a      0x16f /usr/lib/gcc/arm-none-eabi/13.2.1/thumb/v7e-m+fp/hard/libgcc.a(_arm_addsubdf3.o)
 .debug_line    0x00010dc9      0x184 /usr/lib/gcc/arm-none-eabi/13.2.1/thumb/v7e-m+fp/hard/libgcc.a(_arm_muldivdf3.o)
 .debug_line    0x00010f4d       0x76 /usr/lib/gcc/arm-none-eabi/13.2.1/thumb/v7e-m+fp/hard/libgcc.a(_arm_truncdfsf2.o)
 .debug_line    0x00010fc3       0x4e /usr/lib/gcc/arm-none-eabi/13.2.1/thumb/v7e-m+fp/hard/libgcc.a(_aeabi_uldivmod.o)
 .debug_line    0x00011011      0x574 /usr/lib/gcc/arm-none-eabi/13.2.1/thumb/v7e-m+fp/hard/libgcc.a(_udivmoddi4.o)
 .debug_line    0x00011585       0x4a /usr/lib/gcc/arm-none-eabi/13.2.1/thumb/v7e-m+fp/hard/libgcc.a(_dvmd_tls.o)

.debug_str      0x00000000     0x4aa0
 .debug_str     0x00000000     0x4aa0 build/main.o
                               0x1334 (size before relaxing)
 .debug_str     0x00004aa0      0x839 build/bno055.o
 .debug_str     0x00004aa0      0x7ad build/stm32f4xx_it.o
 .debug_str     0x00004aa0     0x1069 build/stm32f4xx_hal_msp.o
 .debug_str     0x00004aa0     0x1001 build/stm32f4xx_hal_i2c.o
 .debug_str     0x00004aa0      0x6e4 build/stm32f4xx_hal_rcc.o
 .debug_str     0x00004aa0      0x7d6 build/stm32f4xx_hal_rcc_ex.o
 .debug_str     0x00004aa0      0x4c4 build/stm32f4xx_hal_gpio.o
 .debug_str     0x00004aa0      0x740 build/stm32f4xx_hal_dma.o
 .debug_str     0x00004aa0      0xc76 build/stm32f4xx_hal_cortex.o
 .debug_str     0x00004aa0      0xb9e build/stm32f4xx_hal.o
 .debug_str     0x00004aa0      0xd4f build/stm32f4xx_hal_uart.o
 .debug_str     0x00004aa0      0x364 build/system_stm32f4xx.o
 .debug_str     0x00004aa0      0x1ef build/sysmem.o
 .debug_str     0x00004aa0       0x5f build/startup_stm32f446xx.o
 .debug_str     0x00004aa0      0x4fb /usr/lib/gcc/arm-none-eabi/13.2.1/../../../arm-none-eabi/lib/thumb/v7e-m+fp/hard/libc_nano.a(libc_a-sprintf.o)
 .debug_str     0x00004aa0      0x4bc /usr/lib/gcc/arm-none-eabi/13.2.1/../../../arm-none-eabi/lib/thumb/v7e-m+fp/hard/libc_nano.a(libc_a-impure.o)
 .debug_str     0x00004aa0      0x805 /usr/lib/gcc/arm-none-eabi/13.2.1/../../../arm-none-eabi/lib/thumb/v7e-m+fp/hard/libc_nano.a(libc_a-nano-svfprintf.o)
 .debug_str     0x00004aa0      0x1fa /usr/lib/gcc/arm-none-eabi/13.2.1/../../../arm-none-eabi/lib/thumb/v7e-m+fp/hard/libc_nano.a(libc_a-init.o)
 .debug_str     0x00004aa0       0xab /usr/lib/gcc/arm-none-eabi/13.2.1/../../../arm-none-eabi/lib/thumb/v7e-m+fp/hard/libc_nano.a(libc_a-strlen.o)
 .debug_str     0x00004aa0      0x1ad /usr/lib/gcc/arm-none-eabi/13.2.1/../../../arm-none-eabi/lib/thumb/v7e-m+fp/hard/libc_nano.a(libc_a-memset.o)
 .debug_str     0x00004aa0      0x4b6 /usr/lib/gcc/arm-none-eabi/13.2.1/../../../arm-none-eabi/lib/thumb/v7e-m+fp/hard/libc_nano.a(libc_a-errno.o)
 .debug_str     0x00004aa0      0x59d /usr/lib/gcc/arm-none-eabi/13.2.1/../../../arm-none-eabi/lib/thumb/v7e-m+fp/hard/libc_nano.a(libc_a-mallocr.o)
 .debug_str     0x00004aa0      0x53c /usr/lib/gcc/arm-none-eabi/13.2.1/../../../arm-none-eabi/lib/thumb/v7e-m+fp/hard/libc_nano.a(libc_a-freer.o)
 .debug_str     0x00004aa0      0x1cc /usr/lib/gcc/arm-none-eabi/13.2.1/../../../arm-none-eabi/lib/thumb/v7e-m+fp/hard/libc_nano.a(libc_a-memmove.o)
 .debug_str     0x00004aa0       0x9e /usr/lib/gcc/arm-none-eabi/13.2.1/../../../arm-none-eabi/lib/thumb/v7e-m+fp/hard/libc_nano.a(libc_a-memchr.o)
 .debug_str     0x00004aa0       0xac /usr/lib/gcc/arm-none-eabi/13.2.1/../../../arm-none-eabi/lib/thumb/v7e-m+fp/hard/libc_nano.a(libc_a-memcpy.o)
 .debug_str     0x00004aa0      0x532 /usr/lib/gcc/arm-none-eabi/13.2.1/../../../arm-none-eabi/lib/thumb/v7e-m+fp/hard/libc_nano.a(libc_a-reallocr.o)
 .debug_str     0x00004aa0      0x79b /usr/lib/gcc/arm-none-eabi/13.2.1/../../../arm-none-eabi/lib/thumb/v7e-m+fp/hard/libc_nano.a(libc_a-nano-vfprintf_i.o)
 .debug_str     0x00004aa0      0x4da /usr/lib/gcc/arm-none-eabi/13.2.1/../../../arm-none-eabi/lib/thumb/v7e-m+fp/hard/libc_nano.a(libc_a-mlock.o)
 .debug_str     0x00004aa0      0x4c5 /usr/lib/gcc/arm-none-eabi/13.2.1/../../../arm-none-eabi/lib/thumb/v7e-m+fp/hard/libc_nano.a(libc_a-sbrkr.o)
 .debug_str     0x00004aa0      0x505 /usr/lib/gcc/arm-none-eabi/13.2.1/../../../arm-none-eabi/lib/thumb/v7e-m+fp/hard/libc_nano.a(libc_a-msizer.o)
 .debug_str     0x00004aa0      0x6bf /usr/lib/gcc/arm-none-eabi/13.2.1/../../../arm-none-eabi/lib/thumb/v7e-m+fp/hard/libc_nano.a(libc_a-findfp.o)
 .debug_str     0x00004aa0      0x4db /usr/lib/gcc/arm-none-eabi/13.2.1/../../../arm-none-eabi/lib/thumb/v7e-m+fp/hard/libc_nano.a(libc_a-reent.o)
 .debug_str     0x00004aa0      0x154 /usr/lib/gcc/arm-none-eabi/13.2.1/thumb/v7e-m+fp/hard/libgcc.a(_arm_addsubdf3.o)
 .debug_str     0x00004aa0       0xd4 /usr/lib/gcc/arm-none-eabi/13.2.1/thumb/v7e-m+fp/hard/libgcc.a(_arm_muldivdf3.o)
 .debug_str     0x00004aa0       0xc1 /usr/lib/gcc/arm-none-eabi/13.2.1/thumb/v7e-m+fp/hard/libgcc.a(_arm_truncdfsf2.o)
 .debug_str     0x00004aa0       0xa3 /usr/lib/gcc/arm-none-eabi/13.2.1/thumb/v7e-m+fp/hard/libgcc.a(_aeabi_uldivmod.o)
 .debug_str     0x00004aa0      0x685 /usr/lib/gcc/arm-none-eabi/13.2.1/thumb/v7e-m+fp/hard/libgcc.a(_udivmoddi4.o)
 .debug_str     0x00004aa0       0xc3 /usr/lib/gcc/arm-none-eabi/13.2.1/thumb/v7e-m+fp/hard/libgcc.a(_dvmd_tls.o)

.debug_frame    0x00000000     0x2314
 .debug_frame   0x00000000       0xd4 build/main.o
 .debug_frame   0x000000d4      0x16c build/bno055.o
 .debug_frame   0x00000240      0x108 build/stm32f4xx_it.o
 .debug_frame   0x00000348       0xb0 build/stm32f4xx_hal_msp.o
 .debug_frame   0x000003f8      0x988 build/stm32f4xx_hal_i2c.o
 .debug_frame   0x00000d80      0x16c build/stm32f4xx_hal_rcc.o
 .debug_frame   0x00000eec      0x14c build/stm32f4xx_hal_rcc_ex.o
 .debug_frame   0x00001038       0xd8 build/stm32f4xx_hal_gpio.o
 .debug_frame   0x00001110      0x188 build/stm32f4xx_hal_dma.o
 .debug_frame   0x00001298      0x214 build/stm32f4xx_hal_cortex.o
 .debug_frame   0x000014ac      0x1ec build/stm32f4xx_hal.o
 .debug_frame   0x00001698      0x5e0 build/stm32f4xx_hal_uart.o
 .debug_frame   0x00001c78       0x30 build/system_stm32f4xx.o
 .debug_frame   0x00001ca8       0x28 build/sysmem.o
 .debug_frame   0x00001cd0       0x78 /usr/lib/gcc/arm-none-eabi/13.2.1/../../../arm-none-eabi/lib/thumb/v7e-m+fp/hard/libc_nano.a(libc_a-sprintf.o)
 .debug_frame   0x00001d48       0x98 /usr/lib/gcc/arm-none-eabi/13.2.1/../../../arm-none-eabi/lib/thumb/v7e-m+fp/hard/libc_nano.a(libc_a-nano-svfprintf.o)
 .debug_frame   0x00001de0       0x2c /usr/lib/gcc/arm-none-eabi/13.2.1/../../../arm-none-eabi/lib/thumb/v7e-m+fp/hard/libc_nano.a(libc_a-init.o)
 .debug_frame   0x00001e0c       0x2c /usr/lib/gcc/arm-none-eabi/13.2.1/../../../arm-none-eabi/lib/thumb/v7e-m+fp/hard/libc_nano.a(libc_a-memset.o)
 .debug_frame   0x00001e38       0x20 /usr/lib/gcc/arm-none-eabi/13.2.1/../../../arm-none-eabi/lib/thumb/v7e-m+fp/hard/libc_nano.a(libc_a-errno.o)
 .debug_frame   0x00001e58       0x50 /usr/lib/gcc/arm-none-eabi/13.2.1/../../../arm-none-eabi/lib/thumb/v7e-m+fp/hard/libc_nano.a(libc_a-mallocr.o)
 .debug_frame   0x00001ea8       0x58 /usr/lib/gcc/arm-none-eabi/13.2.1/../../../arm-none-eabi/lib/thumb/v7e-m+fp/hard/libc_nano.a(libc_a-freer.o)
 .debug_frame   0x00001f00       0x40 /usr/lib/gcc/arm-none-eabi/13.2.1/../../../arm-none-eabi/lib/thumb/v7e-m+fp/hard/libc_nano.a(libc_a-memmove.o)
 .debug_frame   0x00001f40       0x38 /usr/lib/gcc/arm-none-eabi/13.2.1/../../../arm-none-eabi/lib/thumb/v7e-m+fp/hard/libc_nano.a(libc_a-reallocr.o)
 .debug_frame   0x00001f78       0x6c /usr/lib/gcc/arm-none-eabi/13.2.1/../../../arm-none-eabi/lib/thumb/v7e-m+fp/hard/libc_nano.a(libc_a-nano-vfprintf_i.o)
 .debug_frame   0x00001fe4       0x30 /usr/lib/gcc/arm-none-eabi/13.2.1/../../../arm-none-eabi/lib/thumb/v7e-m+fp/hard/libc_nano.a(libc_a-mlock.o)
 .debug_frame   0x00002014       0x2c /usr/lib/gcc/arm-none-eabi/13.2.1/../../../arm-none-eabi/lib/thumb/v7e-m+fp/hard/libc_nano.a(libc_a-sbrkr.o)
 .debug_frame   0x00002040       0x20 /usr/lib/gcc/arm-none-eabi/13.2.1/../../../arm-none-eabi/lib/thumb/v7e-m+fp/hard/libc_nano.a(libc_a-msizer.o)
 .debug_frame   0x00002060       0xf4 /usr/lib/gcc/arm-none-eabi/13.2.1/../../../arm-none-eabi/lib/thumb/v7e-m+fp/hard/libc_nano.a(libc_a-findfp.o)
 .debug_frame   0x00002154       0x40 /usr/lib/gcc/arm-none-eabi/13.2.1/../../../arm-none-eabi/lib/thumb/v7e-m+fp/hard/libc_nano.a(libc_a-reent.o)
 .debug_frame   0x00002194       0xac /usr/lib/gcc/arm-none-eabi/13.2.1/thumb/v7e-m+fp/hard/libgcc.a(_arm_addsubdf3.o)
 .debug_frame   0x00002240       0x50 /usr/lib/gcc/arm-none-eabi/13.2.1/thumb/v7e-m+fp/hard/libgcc.a(_arm_muldivdf3.o)
 .debug_frame   0x00002290       0x24 /usr/lib/gcc/arm-none-eabi/13.2.1/thumb/v7e-m+fp/hard/libgcc.a(_arm_truncdfsf2.o)
 .debug_frame   0x000022b4       0x2c /usr/lib/gcc/arm-none-eabi/13.2.1/thumb/v7e-m+fp/hard/libgcc.a(_aeabi_uldivmod.o)
 .debug_frame   0x000022e0       0x34 /usr/lib/gcc/arm-none-eabi/13.2.1/thumb/v7e-m+fp/hard/libgcc.a(_udivmoddi4.o)

.debug_loclists
                0x00000000     0x203d
 .debug_loclists
                0x00000000       0x88 /usr/lib/gcc/arm-none-eabi/13.2.1/../../../arm-none-eabi/lib/thumb/v7e-m+fp/hard/libc_nano.a(libc_a-sprintf.o)
 .debug_loclists
                0x00000088      0x56b /usr/lib/gcc/arm-none-eabi/13.2.1/../../../arm-none-eabi/lib/thumb/v7e-m+fp/hard/libc_nano.a(libc_a-nano-svfprintf.o)
 .debug_loclists
                0x000005f3       0x65 /usr/lib/gcc/arm-none-eabi/13.2.1/../../../arm-none-eabi/lib/thumb/v7e-m+fp/hard/libc_nano.a(libc_a-init.o)
 .debug_loclists
                0x00000658      0x1c2 /usr/lib/gcc/arm-none-eabi/13.2.1/../../../arm-none-eabi/lib/thumb/v7e-m+fp/hard/libc_nano.a(libc_a-memset.o)
 .debug_loclists
                0x0000081a      0x263 /usr/lib/gcc/arm-none-eabi/13.2.1/../../../arm-none-eabi/lib/thumb/v7e-m+fp/hard/libc_nano.a(libc_a-mallocr.o)
 .debug_loclists
                0x00000a7d      0x164 /usr/lib/gcc/arm-none-eabi/13.2.1/../../../arm-none-eabi/lib/thumb/v7e-m+fp/hard/libc_nano.a(libc_a-freer.o)
 .debug_loclists
                0x00000be1      0x233 /usr/lib/gcc/arm-none-eabi/13.2.1/../../../arm-none-eabi/lib/thumb/v7e-m+fp/hard/libc_nano.a(libc_a-memmove.o)
 .debug_loclists
                0x00000e14      0x102 /usr/lib/gcc/arm-none-eabi/13.2.1/../../../arm-none-eabi/lib/thumb/v7e-m+fp/hard/libc_nano.a(libc_a-reallocr.o)
 .debug_loclists
                0x00000f16      0x44f /usr/lib/gcc/arm-none-eabi/13.2.1/../../../arm-none-eabi/lib/thumb/v7e-m+fp/hard/libc_nano.a(libc_a-nano-vfprintf_i.o)
 .debug_loclists
                0x00001365       0x4b /usr/lib/gcc/arm-none-eabi/13.2.1/../../../arm-none-eabi/lib/thumb/v7e-m+fp/hard/libc_nano.a(libc_a-sbrkr.o)
 .debug_loclists
                0x000013b0       0x59 /usr/lib/gcc/arm-none-eabi/13.2.1/../../../arm-none-eabi/lib/thumb/v7e-m+fp/hard/libc_nano.a(libc_a-msizer.o)
 .debug_loclists
                0x00001409      0x1d0 /usr/lib/gcc/arm-none-eabi/13.2.1/../../../arm-none-eabi/lib/thumb/v7e-m+fp/hard/libc_nano.a(libc_a-findfp.o)
 .debug_loclists
                0x000015d9       0x80 /usr/lib/gcc/arm-none-eabi/13.2.1/../../../arm-none-eabi/lib/thumb/v7e-m+fp/hard/libc_nano.a(libc_a-reent.o)
 .debug_loclists
                0x00001659      0x9e4 /usr/lib/gcc/arm-none-eabi/13.2.1/thumb/v7e-m+fp/hard/libgcc.a(_udivmoddi4.o)

.debug_rnglists
                0x00000000      0x1d4
 .debug_rnglists
                0x00000000       0x42 /usr/lib/gcc/arm-none-eabi/13.2.1/../../../arm-none-eabi/lib/thumb/v7e-m+fp/hard/libc_nano.a(libc_a-nano-svfprintf.o)
 .debug_rnglists
                0x00000042       0x1e /usr/lib/gcc/arm-none-eabi/13.2.1/../../../arm-none-eabi/lib/thumb/v7e-m+fp/hard/libc_nano.a(libc_a-mallocr.o)
 .debug_rnglists
                0x00000060       0x13 /usr/lib/gcc/arm-none-eabi/13.2.1/../../../arm-none-eabi/lib/thumb/v7e-m+fp/hard/libc_nano.a(libc_a-freer.o)
 .debug_rnglists
                0x00000073       0x66 /usr/lib/gcc/arm-none-eabi/13.2.1/../../../arm-none-eabi/lib/thumb/v7e-m+fp/hard/libc_nano.a(libc_a-nano-vfprintf_i.o)
 .debug_rnglists
                0x000000d9       0x77 /usr/lib/gcc/arm-none-eabi/13.2.1/../../../arm-none-eabi/lib/thumb/v7e-m+fp/hard/libc_nano.a(libc_a-findfp.o)
 .debug_rnglists
                0x00000150       0x84 /usr/lib/gcc/arm-none-eabi/13.2.1/thumb/v7e-m+fp/hard/libgcc.a(_udivmoddi4.o)

.debug_line_str
                0x00000000      0x161
 .debug_line_str
                0x00000000      0x161 /usr/lib/gcc/arm-none-eabi/13.2.1/../../../arm-none-eabi/lib/thumb/v7e-m+fp/hard/libc_nano.a(libc_a-strlen.o)
                                 0x98 (size before relaxing)
 .debug_line_str
                0x00000161       0x92 /usr/lib/gcc/arm-none-eabi/13.2.1/../../../arm-none-eabi/lib/thumb/v7e-m+fp/hard/libc_nano.a(libc_a-memchr.o)
 .debug_line_str
                0x00000161       0x99 /usr/lib/gcc/arm-none-eabi/13.2.1/../../../arm-none-eabi/lib/thumb/v7e-m+fp/hard/libc_nano.a(libc_a-memcpy.o)
 .debug_line_str
                0x00000161       0x9c /usr/lib/gcc/arm-none-eabi/13.2.1/thumb/v7e-m+fp/hard/libgcc.a(_arm_addsubdf3.o)
 .debug_line_str
                0x00000161       0x9c /usr/lib/gcc/arm-none-eabi/13.2.1/thumb/v7e-m+fp/hard/libgcc.a(_arm_muldivdf3.o)
 .debug_line_str
                0x00000161       0x9c /usr/lib/gcc/arm-none-eabi/13.2.1/thumb/v7e-m+fp/hard/libgcc.a(_arm_truncdfsf2.o)
 .debug_line_str
                0x00000161       0x97 /usr/lib/gcc/arm-none-eabi/13.2.1/thumb/v7e-m+fp/hard/libgcc.a(_aeabi_uldivmod.o)
 .debug_line_str
                0x00000161       0x9b /usr/lib/gcc/arm-none-eabi/13.2.1/thumb/v7e-m+fp/hard/libgcc.a(_dvmd_tls.o)

Cross Reference Table

Symbol                                            File
ADC_IRQHandler                                    build/startup_stm32f446xx.o
AHBPrescTable                                     build/system_stm32f4xx.o
                                                  build/stm32f4xx_hal_rcc.o
APBPrescTable                                     build/system_stm32f4xx.o
                                                  build/stm32f4xx_hal_rcc.o
BNO055_GetCalibration                             build/bno055.o
                                                  build/main.o
BNO055_GetChipID                                  build/bno055.o
BNO055_Init                                       build/bno055.o
                                                  build/main.o
BNO055_ReadAccel                                  build/bno055.o
                                                  build/main.o
BNO055_ReadEuler                                  build/bno055.o
                                                  build/main.o
BNO055_ReadGravity                                build/bno055.o
BNO055_ReadGyro                                   build/bno055.o
                                                  build/main.o
BNO055_ReadLinearAccel                            build/bno055.o
BNO055_ReadMag                                    build/bno055.o
                                                  build/main.o
BNO055_ReadQuaternion                             build/bno055.o
BNO055_SetMode                                    build/bno055.o
BusFault_Handler                                  build/stm32f4xx_it.o
CAN1_RX0_IRQHandler                               build/startup_stm32f446xx.o
CAN1_RX1_IRQHandler                               build/startup_stm32f446xx.o
CAN1_SCE_IRQHandler                               build/startup_stm32f446xx.o
CAN1_TX_IRQHandler                                build/startup_stm32f446xx.o
CAN2_RX0_IRQHandler                               build/startup_stm32f446xx.o
CAN2_RX1_IRQHandler                               build/startup_stm32f446xx.o
CAN2_SCE_IRQHandler                               build/startup_stm32f446xx.o
CAN2_TX_IRQHandler                                build/startup_stm32f446xx.o
CEC_IRQHandler                                    build/startup_stm32f446xx.o
DCMI_IRQHandler                                   build/startup_stm32f446xx.o
DMA1_Stream0_IRQHandler                           build/stm32f4xx_it.o
DMA1_Stream1_IRQHandler                           build/startup_stm32f446xx.o
DMA1_Stream2_IRQHandler                           build/startup_stm32f446xx.o
DMA1_Stream3_IRQHandler                           build/startup_stm32f446xx.o
DMA1_Stream4_IRQHandler                           build/startup_stm32f446xx.o
DMA1_Stream5_IRQHandler                           build/startup_stm32f446xx.o
DMA1_Stream6_IRQHandler                           build/stm32f4xx_it.o
DMA1_Stream7_IRQHandler                           build/startup_stm32f446xx.o
DMA2_Stream0_IRQHandler                           build/startup_stm32f446xx.o
DMA2_Stream1_IRQHandler                           build/startup_stm32f446xx.o
DMA2_Stream2_IRQHandler                           build/startup_stm32f446xx.o
DMA2_Stream3_IRQHandler                           build/startup_stm32f446xx.o
DMA2_Stream4_IRQHandler                           build/startup_stm32f446xx.o
DMA2_Stream5_IRQHandler                           build/startup_stm32f446xx.o
DMA2_Stream6_IRQHandler                           build/startup_stm32f446xx.o
DMA2_Stream7_IRQHandler                           build/startup_stm32f446xx.o
DebugMon_Handler                                  build/stm32f4xx_it.o
Default_Handler                                   build/startup_stm32f446xx.o
EXTI0_IRQHandler                                  build/startup_stm32f446xx.o
EXTI15_10_IRQHandler                              build/startup_stm32f446xx.o
EXTI1_IRQHandler                                  build/startup_stm32f446xx.o
EXTI2_IRQHandler                                  build/startup_stm32f446xx.o
EXTI3_IRQHandler                                  build/startup_stm32f446xx.o
EXTI4_IRQHandler                                  build/startup_stm32f446xx.o
EXTI9_5_IRQHandler                                build/startup_stm32f446xx.o
Error_Handler                                     build/main.o
                                                  build/stm32f4xx_hal_msp.o
FLASH_Erase_Sector                                build/stm32f4xx_hal_flash_ex.o
                                                  build/stm32f4xx_hal_flash.o
FLASH_FlushCaches                                 build/stm32f4xx_hal_flash_ex.o
                                                  build/stm32f4xx_hal_flash.o
FLASH_IRQHandler                                  build/startup_stm32f446xx.o
FLASH_WaitForLastOperation                        build/stm32f4xx_hal_flash.o
                                                  build/stm32f4xx_hal_flash_ex.o
FMC_IRQHandler                                    build/startup_stm32f446xx.o
FMPI2C1_ER_IRQHandler                             build/startup_stm32f446xx.o
FMPI2C1_EV_IRQHandler                             build/startup_stm32f446xx.o
FPU_IRQHandler                                    build/startup_stm32f446xx.o
HAL_CORTEX_ClearEvent                             build/stm32f4xx_hal_cortex.o
HAL_DBGMCU_DisableDBGSleepMode                    build/stm32f4xx_hal.o
HAL_DBGMCU_DisableDBGStandbyMode                  build/stm32f4xx_hal.o
HAL_DBGMCU_DisableDBGStopMode                     build/stm32f4xx_hal.o
HAL_DBGMCU_EnableDBGSleepMode                     build/stm32f4xx_hal.o
HAL_DBGMCU_EnableDBGStandbyMode                   build/stm32f4xx_hal.o
HAL_DBGMCU_EnableDBGStopMode                      build/stm32f4xx_hal.o
HAL_DMAEx_ChangeMemory                            build/stm32f4xx_hal_dma_ex.o
HAL_DMAEx_MultiBufferStart                        build/stm32f4xx_hal_dma_ex.o
HAL_DMAEx_MultiBufferStart_IT                     build/stm32f4xx_hal_dma_ex.o
HAL_DMA_Abort                                     build/stm32f4xx_hal_dma.o
                                                  build/stm32f4xx_hal_uart.o
HAL_DMA_Abort_IT                                  build/stm32f4xx_hal_dma.o
                                                  build/stm32f4xx_hal_uart.o
                                                  build/stm32f4xx_hal_i2c.o
HAL_DMA_DeInit                                    build/stm32f4xx_hal_dma.o
                                                  build/stm32f4xx_hal_msp.o
HAL_DMA_GetError                                  build/stm32f4xx_hal_dma.o
                                                  build/stm32f4xx_hal_uart.o
                                                  build/stm32f4xx_hal_i2c.o
HAL_DMA_GetState                                  build/stm32f4xx_hal_dma.o
                                                  build/stm32f4xx_hal_i2c.o
HAL_DMA_IRQHandler                                build/stm32f4xx_hal_dma.o
                                                  build/stm32f4xx_it.o
HAL_DMA_Init                                      build/stm32f4xx_hal_dma.o
                                                  build/stm32f4xx_hal_msp.o
HAL_DMA_PollForTransfer                           build/stm32f4xx_hal_dma.o
HAL_DMA_RegisterCallback                          build/stm32f4xx_hal_dma.o
HAL_DMA_Start                                     build/stm32f4xx_hal_dma.o
HAL_DMA_Start_IT                                  build/stm32f4xx_hal_dma.o
                                                  build/stm32f4xx_hal_uart.o
                                                  build/stm32f4xx_hal_i2c.o
HAL_DMA_UnRegisterCallback                        build/stm32f4xx_hal_dma.o
HAL_DeInit                                        build/stm32f4xx_hal.o
HAL_Delay                                         build/stm32f4xx_hal.o
                                                  build/bno055.o
                                                  build/main.o
HAL_DisableCompensationCell                       build/stm32f4xx_hal.o
HAL_EXTI_ClearConfigLine                          build/stm32f4xx_hal_exti.o
HAL_EXTI_ClearPending                             build/stm32f4xx_hal_exti.o
HAL_EXTI_GenerateSWI                              build/stm32f4xx_hal_exti.o
HAL_EXTI_GetConfigLine                            build/stm32f4xx_hal_exti.o
HAL_EXTI_GetHandle                                build/stm32f4xx_hal_exti.o
HAL_EXTI_GetPending                               build/stm32f4xx_hal_exti.o
HAL_EXTI_IRQHandler                               build/stm32f4xx_hal_exti.o
HAL_EXTI_RegisterCallback                         build/stm32f4xx_hal_exti.o
HAL_EXTI_SetConfigLine                            build/stm32f4xx_hal_exti.o
HAL_EnableCompensationCell                        build/stm32f4xx_hal.o
HAL_FLASHEx_AdvOBGetConfig                        build/stm32f4xx_hal_flash_ex.o
HAL_FLASHEx_AdvOBProgram                          build/stm32f4xx_hal_flash_ex.o
HAL_FLASHEx_DisableFlashSleepMode                 build/stm32f4xx_hal_flash_ramfunc.o
HAL_FLASHEx_EnableFlashSleepMode                  build/stm32f4xx_hal_flash_ramfunc.o
HAL_FLASHEx_Erase                                 build/stm32f4xx_hal_flash_ex.o
HAL_FLASHEx_Erase_IT                              build/stm32f4xx_hal_flash_ex.o
HAL_FLASHEx_OBGetConfig                           build/stm32f4xx_hal_flash_ex.o
HAL_FLASHEx_OBProgram                             build/stm32f4xx_hal_flash_ex.o
HAL_FLASHEx_OB_DeSelectPCROP                      build/stm32f4xx_hal_flash_ex.o
HAL_FLASHEx_OB_SelectPCROP                        build/stm32f4xx_hal_flash_ex.o
HAL_FLASHEx_StartFlashInterfaceClk                build/stm32f4xx_hal_flash_ramfunc.o
HAL_FLASHEx_StopFlashInterfaceClk                 build/stm32f4xx_hal_flash_ramfunc.o
HAL_FLASH_EndOfOperationCallback                  build/stm32f4xx_hal_flash.o
HAL_FLASH_GetError                                build/stm32f4xx_hal_flash.o
HAL_FLASH_IRQHandler                              build/stm32f4xx_hal_flash.o
HAL_FLASH_Lock                                    build/stm32f4xx_hal_flash.o
HAL_FLASH_OB_Launch                               build/stm32f4xx_hal_flash.o
HAL_FLASH_OB_Lock                                 build/stm32f4xx_hal_flash.o
HAL_FLASH_OB_Unlock                               build/stm32f4xx_hal_flash.o
HAL_FLASH_OperationErrorCallback                  build/stm32f4xx_hal_flash.o
HAL_FLASH_Program                                 build/stm32f4xx_hal_flash.o
HAL_FLASH_Program_IT                              build/stm32f4xx_hal_flash.o
HAL_FLASH_Unlock                                  build/stm32f4xx_hal_flash.o
HAL_GPIO_DeInit                                   build/stm32f4xx_hal_gpio.o
                                                  build/stm32f4xx_hal_msp.o
HAL_GPIO_EXTI_Callback                            build/stm32f4xx_hal_gpio.o
HAL_GPIO_EXTI_IRQHandler                          build/stm32f4xx_hal_gpio.o
HAL_GPIO_Init                                     build/stm32f4xx_hal_gpio.o
                                                  build/stm32f4xx_hal_rcc.o
                                                  build/stm32f4xx_hal_msp.o
                                                  build/main.o
HAL_GPIO_LockPin                                  build/stm32f4xx_hal_gpio.o
HAL_GPIO_ReadPin                                  build/stm32f4xx_hal_gpio.o
HAL_GPIO_TogglePin                                build/stm32f4xx_hal_gpio.o
HAL_GPIO_WritePin                                 build/stm32f4xx_hal_gpio.o
                                                  build/main.o
HAL_GetDEVID                                      build/stm32f4xx_hal.o
HAL_GetHalVersion                                 build/stm32f4xx_hal.o
HAL_GetREVID                                      build/stm32f4xx_hal.o
HAL_GetTick                                       build/stm32f4xx_hal.o
                                                  build/stm32f4xx_hal_uart.o
                                                  build/stm32f4xx_hal_pwr_ex.o
                                                  build/stm32f4xx_hal_dma.o
                                                  build/stm32f4xx_hal_flash.o
                                                  build/stm32f4xx_hal_rcc_ex.o
                                                  build/stm32f4xx_hal_rcc.o
                                                  build/stm32f4xx_hal_i2c.o
HAL_GetTickFreq                                   build/stm32f4xx_hal.o
HAL_GetTickPrio                                   build/stm32f4xx_hal.o
HAL_GetUIDw0                                      build/stm32f4xx_hal.o
HAL_GetUIDw1                                      build/stm32f4xx_hal.o
HAL_GetUIDw2                                      build/stm32f4xx_hal.o
HAL_HalfDuplex_EnableReceiver                     build/stm32f4xx_hal_uart.o
HAL_HalfDuplex_EnableTransmitter                  build/stm32f4xx_hal_uart.o
HAL_HalfDuplex_Init                               build/stm32f4xx_hal_uart.o
HAL_I2CEx_ConfigAnalogFilter                      build/stm32f4xx_hal_i2c_ex.o
HAL_I2CEx_ConfigDigitalFilter                     build/stm32f4xx_hal_i2c_ex.o
HAL_I2C_AbortCpltCallback                         build/stm32f4xx_hal_i2c.o
HAL_I2C_AddrCallback                              build/stm32f4xx_hal_i2c.o
HAL_I2C_DeInit                                    build/stm32f4xx_hal_i2c.o
HAL_I2C_DisableListen_IT                          build/stm32f4xx_hal_i2c.o
HAL_I2C_ER_IRQHandler                             build/stm32f4xx_hal_i2c.o
                                                  build/stm32f4xx_it.o
HAL_I2C_EV_IRQHandler                             build/stm32f4xx_hal_i2c.o
                                                  build/stm32f4xx_it.o
HAL_I2C_EnableListen_IT                           build/stm32f4xx_hal_i2c.o